IQ-TREE multicore version 2.3.6 for Linux x86 64-bit built Aug  1 2024
Developed by Bui Quang Minh, Nguyen Lam Tung, Olga Chernomor, Heiko Schmidt,
Dominik Schrempf, Michael Woodhams, Ly Trong Nhan, Thomas Wong

Host:    r15c01.bullx (AVX512, FMA3, 187 GB RAM)
Command: iqtree2 -s /scratch/project_2004342/everything/paml_clean/FINAL_refseq_ftp_pipeline/11_codon_alignments_gblocks_final/species_fasta_by_gene/ACSL1/ACSL1.codon.gblocks.species.fasta -pre /scratch/project_2004342/everything/paml_clean/FINAL_refseq_ftp_pipeline/12_species_tree_final/iqtree/ACSL1 -m MFP -B 1000 -alrt 1000 -nt 4 --redo
Seed:    946733 (Using SPRNG - Scalable Parallel Random Number Generator)
Time:    Fri Jul 24 01:36:50 2026
Kernel:  AVX+FMA - 4 threads (4 CPU cores detected)

Reading alignment file /scratch/project_2004342/everything/paml_clean/FINAL_refseq_ftp_pipeline/11_codon_alignments_gblocks_final/species_fasta_by_gene/ACSL1/ACSL1.codon.gblocks.species.fasta ... Fasta format detected
Reading fasta file: done in 0.000982392 secs using 33.9% CPU
Alignment most likely contains DNA/RNA sequences
Alignment has 29 sequences with 2166 columns, 687 distinct patterns
628 parsimony-informative, 167 singleton sites, 1371 constant sites
                           Gap/Ambiguity  Composition  p-value
Analyzing sequences: done in 1.84859e-05 secs using 43.28% CPU
   1  Artibeus_jamaicensis         0.00%    passed     86.26%
   2  Cnephaeus_nilssonii          3.60%    failed      0.07%
   3  Desmodus_rotundus            3.60%    passed     94.76%
   4  Eptesicus_fuscus             0.00%    failed      0.09%
   5  Miniopterus_natalensis       0.00%    passed     58.31%
   6  Miniopterus_schreibersii     3.60%    passed     65.61%
   7  Molossus_molossus            0.00%    passed     72.90%
   8  Myotis_brandtii              0.00%    failed      3.07%
   9  Myotis_daubentonii           0.00%    failed      2.33%
  10  Myotis_davidii               4.48%    failed      1.06%
  11  Myotis_lucifugus             0.00%    failed      2.60%
  12  Myotis_myotis                0.00%    failed      4.81%
  13  Myotis_nattereri             0.00%    failed      2.74%
  14  Myotis_yumanensis            0.00%    failed      3.24%
  15  Phyllostomus_discolor        0.00%    failed      2.52%
  16  Phyllostomus_hastatus        0.00%    passed      5.48%
  17  Pipistrellus_kuhlii          0.00%    failed      0.00%
  18  Plecotus_auritus             3.60%    failed      2.27%
  19  Pteronotus_mesoamericanus    0.00%    passed     84.05%
  20  Pteropus_alecto              4.71%    failed      0.00%
  21  Pteropus_medius              0.00%    failed      0.00%
  22  Pteropus_vampyrus            3.60%    failed      0.00%
  23  Rhinolophus_ferrumequinum    0.00%    failed      0.00%
  24  Rhinolophus_hipposideros     0.00%    failed      0.00%
  25  Rhinolophus_sinicus          0.00%    failed      0.00%
  26  Rousettus_aegyptiacus        3.60%    failed      0.00%
  27  Saccopteryx_bilineata        0.00%    passed     44.77%
  28  Saccopteryx_leptura          0.00%    passed     44.97%
  29  Sturnira_hondurensis         0.00%    passed     94.53%
****  TOTAL                        1.06%  19 sequences failed composition chi2 test (p-value<5%; df=3)


Create initial parsimony tree by phylogenetic likelihood library (PLL)... 0.003 seconds
Perform fast likelihood tree search using GTR+I+G model...
Estimate model parameters (epsilon = 5.000)
Perform nearest neighbor interchange...
Estimate model parameters (epsilon = 1.000)
1. Initial log-likelihood: -12437.594
Optimal log-likelihood: -12437.545
Rate parameters:  A-C: 1.16570  A-G: 3.86901  A-T: 0.45107  C-G: 1.14063  C-T: 4.99659  G-T: 1.00000
Base frequencies:  A: 0.253  C: 0.252  G: 0.280  T: 0.215
Proportion of invariable sites: 0.316
Gamma shape alpha: 0.609
Parameters optimization took 1 rounds (0.015 sec)
Time for fast ML tree search: 0.083 seconds

NOTE: ModelFinder requires 9 MB RAM!
ModelFinder will test up to 484 DNA models (sample size: 2166 epsilon: 0.100) ...
 No. Model         -LnL         df  AIC          AICc         BIC
  1  GTR+F         13127.661    63  26381.321    26385.158    26739.201
  2  GTR+F+I       12500.175    64  25128.349    25132.309    25491.910
  3  GTR+F+G4      12441.125    64  25010.250    25014.210    25373.811
  4  GTR+F+I+G4    12437.540    65  25005.081    25009.167    25374.322
  5  GTR+F+R2      12442.619    65  25015.239    25019.324    25384.480
  6  GTR+F+R3      12441.761    67  25017.521    25021.864    25398.124
 14  GTR+F+I+R2    12440.151    66  25012.302    25016.515    25387.224
 15  GTR+F+I+R3    12437.409    68  25010.819    25015.294    25397.102
 25  SYM+G4        12457.054    61  25036.108    25039.703    25382.627
 26  SYM+I+G4      12453.025    62  25030.049    25033.764    25382.249
 47  TVM+F+G4      12447.153    63  25020.307    25024.143    25378.187
 48  TVM+F+I+G4    12443.199    64  25014.399    25018.359    25377.960
 69  TVMe+G4       12457.805    60  25035.611    25039.088    25376.449
 70  TVMe+I+G4     12453.604    61  25029.207    25032.802    25375.726
 91  TIM3+F+G4     12451.910    62  25027.820    25031.535    25380.019
 92  TIM3+F+I+G4   12448.365    63  25022.729    25026.565    25380.609
113  TIM3e+G4      12470.933    59  25059.866    25063.228    25395.023
114  TIM3e+I+G4    12466.987    60  25053.974    25057.451    25394.812
135  TIM2+F+G4     12459.979    62  25043.958    25047.673    25396.157
136  TIM2+F+I+G4   12456.197    63  25038.394    25042.230    25396.274
157  TIM2e+G4      12482.863    59  25083.727    25087.089    25418.884
158  TIM2e+I+G4    12478.769    60  25077.537    25081.015    25418.375
179  TIM+F+G4      12459.259    62  25042.519    25046.234    25394.718
180  TIM+F+I+G4    12455.693    63  25037.386    25041.223    25395.267
201  TIMe+G4       12485.265    59  25088.530    25091.892    25423.687
202  TIMe+I+G4     12481.441    60  25082.881    25086.359    25423.720
223  TPM3u+F+G4    12457.914    61  25037.828    25041.423    25384.346
224  TPM3u+F+I+G4  12453.944    62  25031.888    25035.603    25384.088
245  TPM3+G4       12471.717    58  25059.433    25062.682    25388.910
246  TPM3+I+G4     12467.577    59  25053.154    25056.516    25388.311
267  TPM2u+F+G4    12465.882    61  25053.763    25057.358    25400.282
268  TPM2u+F+I+G4  12461.952    62  25047.903    25051.618    25400.103
289  TPM2+G4       12483.463    58  25082.927    25086.175    25412.404
290  TPM2+I+G4     12479.276    59  25076.552    25079.913    25411.709
311  K3Pu+F+G4     12465.076    61  25052.152    25055.747    25398.671
312  K3Pu+F+I+G4   12461.316    62  25046.631    25050.346    25398.831
333  K3P+G4        12485.873    58  25087.746    25090.994    25417.223
334  K3P+I+G4      12481.939    59  25081.877    25085.239    25417.035
355  TN+F+G4       12463.772    61  25049.545    25053.140    25396.064
356  TN+F+I+G4     12460.126    62  25044.252    25047.967    25396.452
377  TNe+G4        12489.774    58  25095.548    25098.796    25425.025
378  TNe+I+G4      12485.869    59  25089.738    25093.100    25424.896
399  HKY+F+G4      12469.611    60  25059.223    25062.700    25400.061
400  HKY+F+I+G4    12465.777    61  25053.554    25057.149    25400.073
421  K2P+G4        12490.387    57  25094.773    25097.910    25418.569
422  K2P+I+G4      12486.375    58  25088.749    25091.998    25418.226
443  F81+F+G4      12928.586    59  25975.173    25978.534    26310.330
444  F81+F+I+G4    12926.028    60  25972.057    25975.534    26312.895
465  JC+G4         12952.595    56  26017.191    26020.218    26335.307
466  JC+I+G4       12949.768    57  26013.537    26016.673    26337.333
Akaike Information Criterion:           GTR+F+I+G4
Corrected Akaike Information Criterion: GTR+F+I+G4
Bayesian Information Criterion:         GTR+F+G4
Best-fit model: GTR+F+G4 chosen according to BIC

All model information printed to /scratch/project_2004342/everything/paml_clean/FINAL_refseq_ftp_pipeline/12_species_tree_final/iqtree/ACSL1.model.gz
CPU time for ModelFinder: 6.793 seconds (0h:0m:6s)
Wall-clock time for ModelFinder: 1.716 seconds (0h:0m:1s)
Generating 1000 samples for ultrafast bootstrap (seed: 946733)...

NOTE: 5 MB RAM (0 GB) is required!
Estimate model parameters (epsilon = 0.100)
1. Initial log-likelihood: -12928.759
2. Current log-likelihood: -12442.979
3. Current log-likelihood: -12441.141
Optimal log-likelihood: -12441.132
Rate parameters:  A-C: 1.15794  A-G: 3.82182  A-T: 0.45273  C-G: 1.13821  C-T: 4.93035  G-T: 1.00000
Base frequencies:  A: 0.253  C: 0.252  G: 0.280  T: 0.215
Gamma shape alpha: 0.285
Parameters optimization took 3 rounds (0.053 sec)
Wrote distance file to... 
Computing ML distances based on estimated model parameters...
Calculating distance matrix: done in 0.00141441 secs using 415.1% CPU
Computing ML distances took 0.001519 sec (of wall-clock time) 0.005980 sec (of CPU time)
Setting up auxiliary I and S matrices: done in 5.3074e-05 secs using 128.1% CPU
Computing RapidNJ tree took 0.000294 sec (of wall-clock time) 0.001466 sec (of CPU time)
Log-likelihood of RapidNJ tree: -12471.150
--------------------------------------------------------------------
|             INITIALIZING CANDIDATE TREE SET                      |
--------------------------------------------------------------------
Generating 98 parsimony trees... 0.302 second
Computing log-likelihood of 98 initial trees ... 0.274 seconds
Current best score: -12441.132

Do NNI search on 20 best initial trees
Estimate model parameters (epsilon = 0.100)
BETTER TREE FOUND at iteration 1: -12441.131
Iteration 10 / LogL: -12441.374 / Time: 0h:0m:2s
Iteration 20 / LogL: -12441.133 / Time: 0h:0m:3s
Finish initializing candidate tree set (1)
Current best tree score: -12441.131 / CPU time: 1.367
Number of iterations: 20
--------------------------------------------------------------------
|               OPTIMIZING CANDIDATE TREE SET                      |
--------------------------------------------------------------------
Iteration 30 / LogL: -12441.214 / Time: 0h:0m:3s (0h:0m:4s left)
Iteration 40 / LogL: -12441.284 / Time: 0h:0m:4s (0h:0m:3s left)
Iteration 50 / LogL: -12441.132 / Time: 0h:0m:4s (0h:0m:3s left)
Log-likelihood cutoff on original alignment: -12469.640
Iteration 60 / LogL: -12441.272 / Time: 0h:0m:5s (0h:0m:2s left)
Iteration 70 / LogL: -12441.386 / Time: 0h:0m:5s (0h:0m:1s left)
Iteration 80 / LogL: -12441.539 / Time: 0h:0m:6s (0h:0m:1s left)
Iteration 90 / LogL: -12441.164 / Time: 0h:0m:7s (0h:0m:0s left)
Iteration 100 / LogL: -12441.136 / Time: 0h:0m:7s (0h:0m:0s left)
Log-likelihood cutoff on original alignment: -12469.640
NOTE: Bootstrap correlation coefficient of split occurrence frequencies: 0.999
TREE SEARCH COMPLETED AFTER 102 ITERATIONS / Time: 0h:0m:7s

--------------------------------------------------------------------
|                    FINALIZING TREE SEARCH                        |
--------------------------------------------------------------------
Performs final model parameters optimization
Estimate model parameters (epsilon = 0.010)
1. Initial log-likelihood: -12441.131
Optimal log-likelihood: -12441.131
Rate parameters:  A-C: 1.15717  A-G: 3.82183  A-T: 0.45381  C-G: 1.13849  C-T: 4.93463  G-T: 1.00000
Base frequencies:  A: 0.253  C: 0.252  G: 0.280  T: 0.215
Gamma shape alpha: 0.285
Parameters optimization took 1 rounds (0.008 sec)
BEST SCORE FOUND : -12441.131

Testing tree branches by SH-like aLRT with 1000 replicates...
0.287 sec.
Creating bootstrap support values...
Split supports printed to NEXUS file /scratch/project_2004342/everything/paml_clean/FINAL_refseq_ftp_pipeline/12_species_tree_final/iqtree/ACSL1.splits.nex
Total tree length: 1.029

Total number of iterations: 102
CPU time used for tree search: 21.808 sec (0h:0m:21s)
Wall-clock time used for tree search: 5.890 sec (0h:0m:5s)
Total CPU time used: 30.190 sec (0h:0m:30s)
Total wall-clock time used: 8.084 sec (0h:0m:8s)

Computing bootstrap consensus tree...
Reading input file /scratch/project_2004342/everything/paml_clean/FINAL_refseq_ftp_pipeline/12_species_tree_final/iqtree/ACSL1.splits.nex...
29 taxa and 93 splits.
Consensus tree written to /scratch/project_2004342/everything/paml_clean/FINAL_refseq_ftp_pipeline/12_species_tree_final/iqtree/ACSL1.contree
Reading input trees file /scratch/project_2004342/everything/paml_clean/FINAL_refseq_ftp_pipeline/12_species_tree_final/iqtree/ACSL1.contree
Log-likelihood of consensus tree: -12441.133

Analysis results written to: 
  IQ-TREE report:                /scratch/project_2004342/everything/paml_clean/FINAL_refseq_ftp_pipeline/12_species_tree_final/iqtree/ACSL1.iqtree
  Maximum-likelihood tree:       /scratch/project_2004342/everything/paml_clean/FINAL_refseq_ftp_pipeline/12_species_tree_final/iqtree/ACSL1.treefile
  Likelihood distances:          /scratch/project_2004342/everything/paml_clean/FINAL_refseq_ftp_pipeline/12_species_tree_final/iqtree/ACSL1.mldist

Ultrafast bootstrap approximation results written to:
  Split support values:          /scratch/project_2004342/everything/paml_clean/FINAL_refseq_ftp_pipeline/12_species_tree_final/iqtree/ACSL1.splits.nex
  Consensus tree:                /scratch/project_2004342/everything/paml_clean/FINAL_refseq_ftp_pipeline/12_species_tree_final/iqtree/ACSL1.contree
  Screen log file:               /scratch/project_2004342/everything/paml_clean/FINAL_refseq_ftp_pipeline/12_species_tree_final/iqtree/ACSL1.log

Date and Time: Fri Jul 24 01:36:59 2026
