IQ-TREE multicore version 2.3.6 for Linux x86 64-bit built Aug  1 2024
Developed by Bui Quang Minh, Nguyen Lam Tung, Olga Chernomor, Heiko Schmidt,
Dominik Schrempf, Michael Woodhams, Ly Trong Nhan, Thomas Wong

Host:    r03c03.bullx (AVX512, FMA3, 187 GB RAM)
Command: iqtree2 -s /scratch/project_2004342/everything/paml_clean/FINAL_refseq_ftp_pipeline/11_codon_alignments_gblocks_final/species_fasta_by_gene/ATP5MC1/ATP5MC1.codon.gblocks.species.fasta -pre /scratch/project_2004342/everything/paml_clean/FINAL_refseq_ftp_pipeline/12_species_tree_final/iqtree/ATP5MC1 -m MFP -B 1000 -alrt 1000 -nt 4 --redo
Seed:    881168 (Using SPRNG - Scalable Parallel Random Number Generator)
Time:    Fri Jul 24 01:37:02 2026
Kernel:  AVX+FMA - 4 threads (4 CPU cores detected)

Reading alignment file /scratch/project_2004342/everything/paml_clean/FINAL_refseq_ftp_pipeline/11_codon_alignments_gblocks_final/species_fasta_by_gene/ATP5MC1/ATP5MC1.codon.gblocks.species.fasta ... Fasta format detected
Reading fasta file: done in 0.000251885 secs
Alignment most likely contains DNA/RNA sequences
Alignment has 30 sequences with 405 columns, 100 distinct patterns
63 parsimony-informative, 58 singleton sites, 284 constant sites
                           Gap/Ambiguity  Composition  p-value
Analyzing sequences: done in 9.51893e-06 secs using 94.55% CPU
   1  Artibeus_jamaicensis         1.48%    passed     96.69%
   2  Cnephaeus_nilssonii          1.48%    passed     99.56%
   3  Desmodus_rotundus            1.48%    passed     99.14%
   4  Eptesicus_fuscus             1.48%    passed     99.50%
   5  Hipposideros_armiger         1.48%    passed     97.97%
   6  Miniopterus_natalensis       1.48%    passed     97.32%
   7  Miniopterus_schreibersii     1.48%    passed     97.32%
   8  Molossus_molossus            1.48%    passed     97.16%
   9  Myotis_brandtii              1.48%    passed     99.02%
  10  Myotis_daubentonii           1.48%    passed     95.61%
  11  Myotis_davidii               2.22%    passed     80.22%
  12  Myotis_lucifugus             1.48%    passed     97.97%
  13  Myotis_myotis                1.48%    passed     93.59%
  14  Myotis_nattereri             1.48%    passed     96.27%
  15  Myotis_yumanensis            1.48%    passed     99.50%
  16  Phyllostomus_discolor        1.48%    passed     96.64%
  17  Phyllostomus_hastatus        1.48%    passed     98.21%
  18  Pipistrellus_kuhlii          1.48%    passed     74.27%
  19  Plecotus_auritus             1.48%    passed     99.90%
  20  Pteronotus_mesoamericanus    1.48%    passed     98.46%
  21  Pteropus_alecto              2.22%    passed     90.95%
  22  Pteropus_medius              2.22%    passed     93.07%
  23  Pteropus_vampyrus            2.22%    passed     91.62%
  24  Rhinolophus_ferrumequinum    1.48%    passed     99.87%
  25  Rhinolophus_hipposideros     1.48%    passed     99.11%
  26  Rhinolophus_sinicus          1.48%    passed     99.00%
  27  Rousettus_aegyptiacus        1.48%    passed     99.32%
  28  Saccopteryx_bilineata        1.48%    passed     97.86%
  29  Saccopteryx_leptura          1.48%    passed     96.06%
  30  Sturnira_hondurensis         1.48%    passed     96.69%
****  TOTAL                        1.58%  0 sequences failed composition chi2 test (p-value<5%; df=3)


Create initial parsimony tree by phylogenetic likelihood library (PLL)... 0.001 seconds
WARNING: Number of threads seems too high for short alignments. Use -T AUTO to determine best number of threads.
Perform fast likelihood tree search using GTR+I+G model...
Estimate model parameters (epsilon = 5.000)
Perform nearest neighbor interchange...
Estimate model parameters (epsilon = 1.000)
1. Initial log-likelihood: -1564.655
Optimal log-likelihood: -1564.652
Rate parameters:  A-C: 1.83157  A-G: 5.89534  A-T: 1.33248  C-G: 1.13554  C-T: 7.61308  G-T: 1.00000
Base frequencies:  A: 0.165  C: 0.305  G: 0.271  T: 0.259
Proportion of invariable sites: 0.342
Gamma shape alpha: 1.288
Parameters optimization took 1 rounds (0.004 sec)
Time for fast ML tree search: 0.038 seconds

NOTE: ModelFinder requires 1 MB RAM!
ModelFinder will test up to 484 DNA models (sample size: 405 epsilon: 0.100) ...
 No. Model         -LnL         df  AIC          AICc         BIC
WARNING: Number of threads seems too high for short alignments. Use -T AUTO to determine best number of threads.
  1  GTR+F         1588.023     65  3306.046     3331.356     3566.299
WARNING: Number of threads seems too high for short alignments. Use -T AUTO to determine best number of threads.
  2  GTR+F+I       1566.807     66  3265.613     3291.779     3529.870
WARNING: Number of threads seems too high for short alignments. Use -T AUTO to determine best number of threads.
  3  GTR+F+G4      1564.949     66  3261.899     3288.065     3526.155
WARNING: Number of threads seems too high for short alignments. Use -T AUTO to determine best number of threads.
  4  GTR+F+I+G4    1564.652     67  3263.303     3290.342     3531.564
WARNING: Number of threads seems too high for short alignments. Use -T AUTO to determine best number of threads.
  5  GTR+F+R2      1565.911     67  3265.822     3292.861     3534.082
WARNING: Number of threads seems too high for short alignments. Use -T AUTO to determine best number of threads.
  6  GTR+F+R3      1564.644     69  3267.287     3296.123     3543.556
WARNING: Number of threads seems too high for short alignments. Use -T AUTO to determine best number of threads.
 14  GTR+F+I+R2    1565.767     68  3267.535     3295.463     3539.799
WARNING: Number of threads seems too high for short alignments. Use -T AUTO to determine best number of threads.
 15  GTR+F+I+R3    1564.722     70  3269.444     3299.204     3549.716
WARNING: Number of threads seems too high for short alignments. Use -T AUTO to determine best number of threads.
 24  SYM+I         1577.664     63  3281.329     3304.977     3533.574
WARNING: Number of threads seems too high for short alignments. Use -T AUTO to determine best number of threads.
 25  SYM+G4        1575.071     63  3276.141     3299.790     3528.386
WARNING: Number of threads seems too high for short alignments. Use -T AUTO to determine best number of threads.
 26  SYM+I+G4      1574.890     64  3277.781     3302.251     3534.029
WARNING: Number of threads seems too high for short alignments. Use -T AUTO to determine best number of threads.
 27  SYM+R2        1574.756     64  3277.512     3301.982     3533.760
WARNING: Number of threads seems too high for short alignments. Use -T AUTO to determine best number of threads.
 46  TVM+F+I       1567.093     65  3264.187     3289.497     3524.440
WARNING: Number of threads seems too high for short alignments. Use -T AUTO to determine best number of threads.
 47  TVM+F+G4      1565.675     65  3261.351     3286.661     3521.604
WARNING: Number of threads seems too high for short alignments. Use -T AUTO to determine best number of threads.
 48  TVM+F+I+G4    1565.303     66  3262.607     3288.773     3526.863
WARNING: Number of threads seems too high for short alignments. Use -T AUTO to determine best number of threads.
 49  TVM+F+R2      1565.850     66  3263.699     3289.865     3527.956
WARNING: Number of threads seems too high for short alignments. Use -T AUTO to determine best number of threads.
 68  TVMe+I        1580.466     62  3284.933     3307.775     3533.174
WARNING: Number of threads seems too high for short alignments. Use -T AUTO to determine best number of threads.
 69  TVMe+G4       1579.042     62  3282.083     3304.925     3530.324
WARNING: Number of threads seems too high for short alignments. Use -T AUTO to determine best number of threads.
 70  TVMe+I+G4     1578.717     63  3283.435     3307.083     3535.680
WARNING: Number of threads seems too high for short alignments. Use -T AUTO to determine best number of threads.
 71  TVMe+R2       1579.122     63  3284.244     3307.892     3536.489
WARNING: Number of threads seems too high for short alignments. Use -T AUTO to determine best number of threads.
 90  TIM3+F+I      1567.790     64  3263.581     3288.051     3519.830
WARNING: Number of threads seems too high for short alignments. Use -T AUTO to determine best number of threads.
 91  TIM3+F+G4     1565.814     64  3259.627     3284.098     3515.876
WARNING: Number of threads seems too high for short alignments. Use -T AUTO to determine best number of threads.
 92  TIM3+F+I+G4   1565.544     65  3261.088     3286.398     3521.341
WARNING: Number of threads seems too high for short alignments. Use -T AUTO to determine best number of threads.
 93  TIM3+F+R2     1565.676     65  3261.351     3286.661     3521.604
WARNING: Number of threads seems too high for short alignments. Use -T AUTO to determine best number of threads.
112  TIM3e+I       1577.722     61  3277.444     3299.496     3521.681
WARNING: Number of threads seems too high for short alignments. Use -T AUTO to determine best number of threads.
113  TIM3e+G4      1575.110     61  3272.221     3294.273     3516.458
WARNING: Number of threads seems too high for short alignments. Use -T AUTO to determine best number of threads.
114  TIM3e+I+G4    1574.929     62  3273.857     3296.699     3522.098
WARNING: Number of threads seems too high for short alignments. Use -T AUTO to determine best number of threads.
115  TIM3e+R2      1574.522     62  3273.044     3295.886     3521.285
WARNING: Number of threads seems too high for short alignments. Use -T AUTO to determine best number of threads.
134  TIM2+F+I      1567.037     64  3262.075     3286.545     3518.324
WARNING: Number of threads seems too high for short alignments. Use -T AUTO to determine best number of threads.
135  TIM2+F+G4     1565.212     64  3258.424     3282.895     3514.673
WARNING: Number of threads seems too high for short alignments. Use -T AUTO to determine best number of threads.
136  TIM2+F+I+G4   1564.910     65  3259.820     3285.129     3520.072
WARNING: Number of threads seems too high for short alignments. Use -T AUTO to determine best number of threads.
137  TIM2+F+R2     1565.070     65  3260.140     3285.450     3520.393
WARNING: Number of threads seems too high for short alignments. Use -T AUTO to determine best number of threads.
156  TIM2e+I       1578.101     61  3278.202     3300.254     3522.439
WARNING: Number of threads seems too high for short alignments. Use -T AUTO to determine best number of threads.
157  TIM2e+G4      1575.625     61  3273.249     3295.302     3517.487
WARNING: Number of threads seems too high for short alignments. Use -T AUTO to determine best number of threads.
158  TIM2e+I+G4    1575.430     62  3274.860     3297.702     3523.101
WARNING: Number of threads seems too high for short alignments. Use -T AUTO to determine best number of threads.
159  TIM2e+R2      1574.975     62  3273.950     3296.792     3522.191
WARNING: Number of threads seems too high for short alignments. Use -T AUTO to determine best number of threads.
178  TIM+F+I       1567.883     64  3263.765     3288.236     3520.014
WARNING: Number of threads seems too high for short alignments. Use -T AUTO to determine best number of threads.
179  TIM+F+G4      1565.983     64  3259.966     3284.437     3516.215
WARNING: Number of threads seems too high for short alignments. Use -T AUTO to determine best number of threads.
180  TIM+F+I+G4    1565.701     65  3261.402     3286.712     3521.655
WARNING: Number of threads seems too high for short alignments. Use -T AUTO to determine best number of threads.
181  TIM+F+R2      1565.712     65  3261.425     3286.735     3521.678
WARNING: Number of threads seems too high for short alignments. Use -T AUTO to determine best number of threads.
200  TIMe+I        1578.102     61  3278.204     3300.256     3522.441
WARNING: Number of threads seems too high for short alignments. Use -T AUTO to determine best number of threads.
201  TIMe+G4       1575.627     61  3273.253     3295.306     3517.490
WARNING: Number of threads seems too high for short alignments. Use -T AUTO to determine best number of threads.
202  TIMe+I+G4     1575.429     62  3274.858     3297.700     3523.099
WARNING: Number of threads seems too high for short alignments. Use -T AUTO to determine best number of threads.
203  TIMe+R2       1574.875     62  3273.750     3296.592     3521.991
WARNING: Number of threads seems too high for short alignments. Use -T AUTO to determine best number of threads.
222  TPM3u+F+I     1568.096     63  3262.192     3285.840     3514.437
WARNING: Number of threads seems too high for short alignments. Use -T AUTO to determine best number of threads.
223  TPM3u+F+G4    1566.559     63  3259.119     3282.767     3511.364
WARNING: Number of threads seems too high for short alignments. Use -T AUTO to determine best number of threads.
224  TPM3u+F+I+G4  1566.222     64  3260.445     3284.915     3516.693
WARNING: Number of threads seems too high for short alignments. Use -T AUTO to determine best number of threads.
225  TPM3u+F+R2    1566.587     64  3261.173     3285.644     3517.422
WARNING: Number of threads seems too high for short alignments. Use -T AUTO to determine best number of threads.
244  TPM3+I        1580.518     60  3281.036     3302.315     3521.269
WARNING: Number of threads seems too high for short alignments. Use -T AUTO to determine best number of threads.
245  TPM3+G4       1579.066     60  3278.132     3299.411     3518.366
WARNING: Number of threads seems too high for short alignments. Use -T AUTO to determine best number of threads.
246  TPM3+I+G4     1578.748     61  3279.496     3301.549     3523.733
WARNING: Number of threads seems too high for short alignments. Use -T AUTO to determine best number of threads.
247  TPM3+R2       1579.079     61  3280.159     3302.211     3524.396
WARNING: Number of threads seems too high for short alignments. Use -T AUTO to determine best number of threads.
266  TPM2u+F+I     1567.327     63  3260.654     3284.302     3512.899
WARNING: Number of threads seems too high for short alignments. Use -T AUTO to determine best number of threads.
267  TPM2u+F+G4    1565.937     63  3257.875     3281.523     3510.120
WARNING: Number of threads seems too high for short alignments. Use -T AUTO to determine best number of threads.
268  TPM2u+F+I+G4  1565.565     64  3259.130     3283.601     3515.379
WARNING: Number of threads seems too high for short alignments. Use -T AUTO to determine best number of threads.
269  TPM2u+F+R2    1566.101     64  3260.202     3284.673     3516.451
WARNING: Number of threads seems too high for short alignments. Use -T AUTO to determine best number of threads.
288  TPM2+I        1580.895     60  3281.790     3303.069     3522.023
WARNING: Number of threads seems too high for short alignments. Use -T AUTO to determine best number of threads.
289  TPM2+G4       1579.561     60  3279.122     3300.401     3519.355
WARNING: Number of threads seems too high for short alignments. Use -T AUTO to determine best number of threads.
290  TPM2+I+G4     1579.236     61  3280.473     3302.525     3524.710
WARNING: Number of threads seems too high for short alignments. Use -T AUTO to determine best number of threads.
291  TPM2+R2       1579.648     61  3281.295     3303.348     3525.533
WARNING: Number of threads seems too high for short alignments. Use -T AUTO to determine best number of threads.
310  K3Pu+F+I      1568.189     63  3262.379     3286.027     3514.623
WARNING: Number of threads seems too high for short alignments. Use -T AUTO to determine best number of threads.
311  K3Pu+F+G4     1566.731     63  3259.461     3283.109     3511.706
WARNING: Number of threads seems too high for short alignments. Use -T AUTO to determine best number of threads.
312  K3Pu+F+I+G4   1566.385     64  3260.771     3285.241     3517.019
WARNING: Number of threads seems too high for short alignments. Use -T AUTO to determine best number of threads.
313  K3Pu+F+R2     1566.811     64  3261.622     3286.092     3517.871
WARNING: Number of threads seems too high for short alignments. Use -T AUTO to determine best number of threads.
332  K3P+I         1580.889     60  3281.778     3303.057     3522.011
WARNING: Number of threads seems too high for short alignments. Use -T AUTO to determine best number of threads.
333  K3P+G4        1579.555     60  3279.110     3300.389     3519.343
WARNING: Number of threads seems too high for short alignments. Use -T AUTO to determine best number of threads.
334  K3P+I+G4      1579.230     61  3280.460     3302.512     3524.697
WARNING: Number of threads seems too high for short alignments. Use -T AUTO to determine best number of threads.
335  K3P+R2        1579.643     61  3281.285     3303.338     3525.522
WARNING: Number of threads seems too high for short alignments. Use -T AUTO to determine best number of threads.
354  TN+F+I        1567.975     63  3261.950     3285.599     3514.195
WARNING: Number of threads seems too high for short alignments. Use -T AUTO to determine best number of threads.
355  TN+F+G4       1566.043     63  3258.086     3281.734     3510.331
WARNING: Number of threads seems too high for short alignments. Use -T AUTO to determine best number of threads.
356  TN+F+I+G4     1565.767     64  3259.535     3284.005     3515.784
WARNING: Number of threads seems too high for short alignments. Use -T AUTO to determine best number of threads.
357  TN+F+R2       1565.728     64  3259.456     3283.927     3515.705
WARNING: Number of threads seems too high for short alignments. Use -T AUTO to determine best number of threads.
376  TNe+I         1578.126     60  3276.252     3297.531     3516.485
WARNING: Number of threads seems too high for short alignments. Use -T AUTO to determine best number of threads.
377  TNe+G4        1575.638     60  3271.277     3292.556     3511.510
WARNING: Number of threads seems too high for short alignments. Use -T AUTO to determine best number of threads.
378  TNe+I+G4      1575.440     61  3272.880     3294.933     3517.118
WARNING: Number of threads seems too high for short alignments. Use -T AUTO to determine best number of threads.
379  TNe+R2        1574.830     61  3271.661     3293.713     3515.898
WARNING: Number of threads seems too high for short alignments. Use -T AUTO to determine best number of threads.
398  HKY+F+I       1568.282     62  3260.564     3283.406     3508.805
WARNING: Number of threads seems too high for short alignments. Use -T AUTO to determine best number of threads.
399  HKY+F+G4      1566.790     62  3257.581     3280.423     3505.822
WARNING: Number of threads seems too high for short alignments. Use -T AUTO to determine best number of threads.
400  HKY+F+I+G4    1566.450     63  3258.900     3282.548     3511.145
WARNING: Number of threads seems too high for short alignments. Use -T AUTO to determine best number of threads.
401  HKY+F+R2      1566.860     63  3259.721     3283.369     3511.966
WARNING: Number of threads seems too high for short alignments. Use -T AUTO to determine best number of threads.
420  K2P+I         1580.913     59  3279.826     3300.348     3516.056
WARNING: Number of threads seems too high for short alignments. Use -T AUTO to determine best number of threads.
421  K2P+G4        1579.565     59  3277.131     3297.653     3513.360
WARNING: Number of threads seems too high for short alignments. Use -T AUTO to determine best number of threads.
422  K2P+I+G4      1579.242     60  3278.483     3299.762     3518.716
WARNING: Number of threads seems too high for short alignments. Use -T AUTO to determine best number of threads.
423  K2P+R2        1579.658     60  3279.315     3300.594     3519.548
WARNING: Number of threads seems too high for short alignments. Use -T AUTO to determine best number of threads.
442  F81+F+I       1622.077     61  3366.154     3388.206     3610.391
WARNING: Number of threads seems too high for short alignments. Use -T AUTO to determine best number of threads.
443  F81+F+G4      1621.328     61  3364.656     3386.708     3608.893
WARNING: Number of threads seems too high for short alignments. Use -T AUTO to determine best number of threads.
444  F81+F+I+G4    1621.018     62  3366.036     3388.878     3614.277
WARNING: Number of threads seems too high for short alignments. Use -T AUTO to determine best number of threads.
445  F81+F+R2      1621.763     62  3367.526     3390.368     3615.767
WARNING: Number of threads seems too high for short alignments. Use -T AUTO to determine best number of threads.
464  JC+I          1635.473     58  3386.947     3406.727     3619.172
WARNING: Number of threads seems too high for short alignments. Use -T AUTO to determine best number of threads.
465  JC+G4         1634.535     58  3385.069     3404.850     3617.295
WARNING: Number of threads seems too high for short alignments. Use -T AUTO to determine best number of threads.
466  JC+I+G4       1634.286     59  3386.572     3407.094     3622.802
WARNING: Number of threads seems too high for short alignments. Use -T AUTO to determine best number of threads.
467  JC+R2         1634.810     59  3387.620     3408.142     3623.850
Akaike Information Criterion:           HKY+F+G4
Corrected Akaike Information Criterion: HKY+F+G4
Bayesian Information Criterion:         HKY+F+G4
Best-fit model: HKY+F+G4 chosen according to BIC

All model information printed to /scratch/project_2004342/everything/paml_clean/FINAL_refseq_ftp_pipeline/12_species_tree_final/iqtree/ATP5MC1.model.gz
CPU time for ModelFinder: 2.714 seconds (0h:0m:2s)
Wall-clock time for ModelFinder: 0.692 seconds (0h:0m:0s)
Generating 1000 samples for ultrafast bootstrap (seed: 881168)...

NOTE: 0 MB RAM (0 GB) is required!
WARNING: Number of threads seems too high for short alignments. Use -T AUTO to determine best number of threads.
Estimate model parameters (epsilon = 0.100)
1. Initial log-likelihood: -1621.334
2. Current log-likelihood: -1611.959
3. Current log-likelihood: -1607.626
4. Current log-likelihood: -1605.956
5. Current log-likelihood: -1604.265
6. Current log-likelihood: -1602.474
7. Current log-likelihood: -1600.564
8. Current log-likelihood: -1598.519
9. Current log-likelihood: -1596.321
10. Current log-likelihood: -1593.950
11. Current log-likelihood: -1591.382
12. Current log-likelihood: -1588.594
13. Current log-likelihood: -1585.562
14. Current log-likelihood: -1582.272
15. Current log-likelihood: -1578.736
16. Current log-likelihood: -1567.378
17. Current log-likelihood: -1566.799
Optimal log-likelihood: -1566.790
Rate parameters:  A-C: 1.00000  A-G: 5.37009  A-T: 1.00000  C-G: 1.00000  C-T: 5.37009  G-T: 1.00000
Base frequencies:  A: 0.165  C: 0.305  G: 0.271  T: 0.259
Gamma shape alpha: 0.466
Parameters optimization took 17 rounds (0.059 sec)
Wrote distance file to... 
Computing ML distances based on estimated model parameters...
Calculating distance matrix: done in 0.00141808 secs using 563.8% CPU
Computing ML distances took 0.001484 sec (of wall-clock time) 0.008065 sec (of CPU time)
Setting up auxiliary I and S matrices: done in 6.6094e-05 secs using 122.6% CPU
Computing RapidNJ tree took 0.000330 sec (of wall-clock time) 0.000815 sec (of CPU time)
Log-likelihood of RapidNJ tree: -1579.334
--------------------------------------------------------------------
|             INITIALIZING CANDIDATE TREE SET                      |
--------------------------------------------------------------------
Generating 98 parsimony trees... 0.092 second
Computing log-likelihood of 98 initial trees ... 0.141 seconds
Current best score: -1566.024

Do NNI search on 20 best initial trees
Estimate model parameters (epsilon = 0.100)
BETTER TREE FOUND at iteration 1: -1565.842
BETTER TREE FOUND at iteration 2: -1565.842
BETTER TREE FOUND at iteration 5: -1565.842
Iteration 10 / LogL: -1565.842 / Time: 0h:0m:1s
Iteration 20 / LogL: -1565.842 / Time: 0h:0m:1s
Finish initializing candidate tree set (15)
Current best tree score: -1565.842 / CPU time: 0.691
Number of iterations: 20
--------------------------------------------------------------------
|               OPTIMIZING CANDIDATE TREE SET                      |
--------------------------------------------------------------------
Iteration 30 / LogL: -1565.845 / Time: 0h:0m:1s (0h:0m:3s left)
Iteration 40 / LogL: -1565.843 / Time: 0h:0m:2s (0h:0m:2s left)
Iteration 50 / LogL: -1565.842 / Time: 0h:0m:2s (0h:0m:2s left)
Log-likelihood cutoff on original alignment: -1591.025
Iteration 60 / LogL: -1565.844 / Time: 0h:0m:3s (0h:0m:1s left)
Iteration 70 / LogL: -1565.842 / Time: 0h:0m:3s (0h:0m:1s left)
Iteration 80 / LogL: -1578.905 / Time: 0h:0m:4s (0h:0m:1s left)
Iteration 90 / LogL: -1565.843 / Time: 0h:0m:4s (0h:0m:0s left)
Iteration 100 / LogL: -1565.844 / Time: 0h:0m:5s (0h:0m:0s left)
Log-likelihood cutoff on original alignment: -1589.680
NOTE: Bootstrap correlation coefficient of split occurrence frequencies: 0.987
NOTE: UFBoot does not converge, continue at least 100 more iterations
UPDATE BEST LOG-LIKELIHOOD: -1565.842
Iteration 110 / LogL: -1565.842 / Time: 0h:0m:5s (0h:0m:3s left)
Iteration 120 / LogL: -1565.842 / Time: 0h:0m:5s (0h:0m:3s left)
Iteration 130 / LogL: -1565.844 / Time: 0h:0m:6s (0h:0m:3s left)
Iteration 140 / LogL: -1567.125 / Time: 0h:0m:6s (0h:0m:2s left)
Iteration 150 / LogL: -1565.843 / Time: 0h:0m:7s (0h:0m:2s left)
Log-likelihood cutoff on original alignment: -1590.337
Iteration 160 / LogL: -1565.844 / Time: 0h:0m:7s (0h:0m:1s left)
Iteration 170 / LogL: -1565.843 / Time: 0h:0m:8s (0h:0m:1s left)
Iteration 180 / LogL: -1567.438 / Time: 0h:0m:8s (0h:0m:0s left)
Iteration 190 / LogL: -1565.843 / Time: 0h:0m:9s (0h:0m:0s left)
Iteration 200 / LogL: -1565.843 / Time: 0h:0m:9s (0h:0m:0s left)
Log-likelihood cutoff on original alignment: -1591.625
NOTE: Bootstrap correlation coefficient of split occurrence frequencies: 0.995
TREE SEARCH COMPLETED AFTER 200 ITERATIONS / Time: 0h:0m:9s

--------------------------------------------------------------------
|                    FINALIZING TREE SEARCH                        |
--------------------------------------------------------------------
Performs final model parameters optimization
Estimate model parameters (epsilon = 0.010)
1. Initial log-likelihood: -1565.842
Optimal log-likelihood: -1565.842
Rate parameters:  A-C: 1.00000  A-G: 5.50454  A-T: 1.00000  C-G: 1.00000  C-T: 5.50454  G-T: 1.00000
Base frequencies:  A: 0.165  C: 0.305  G: 0.271  T: 0.259
Gamma shape alpha: 0.465
Parameters optimization took 1 rounds (0.002 sec)
BEST SCORE FOUND : -1565.842

Testing tree branches by SH-like aLRT with 1000 replicates...
0.068 sec.
Creating bootstrap support values...
Split supports printed to NEXUS file /scratch/project_2004342/everything/paml_clean/FINAL_refseq_ftp_pipeline/12_species_tree_final/iqtree/ATP5MC1.splits.nex
Total tree length: 0.527

Total number of iterations: 200
CPU time used for tree search: 34.216 sec (0h:0m:34s)
Wall-clock time used for tree search: 9.088 sec (0h:0m:9s)
Total CPU time used: 37.608 sec (0h:0m:37s)
Total wall-clock time used: 10.005 sec (0h:0m:10s)

Computing bootstrap consensus tree...
Reading input file /scratch/project_2004342/everything/paml_clean/FINAL_refseq_ftp_pipeline/12_species_tree_final/iqtree/ATP5MC1.splits.nex...
30 taxa and 300 splits.
Consensus tree written to /scratch/project_2004342/everything/paml_clean/FINAL_refseq_ftp_pipeline/12_species_tree_final/iqtree/ATP5MC1.contree
Reading input trees file /scratch/project_2004342/everything/paml_clean/FINAL_refseq_ftp_pipeline/12_species_tree_final/iqtree/ATP5MC1.contree
Log-likelihood of consensus tree: -1565.847

Analysis results written to: 
  IQ-TREE report:                /scratch/project_2004342/everything/paml_clean/FINAL_refseq_ftp_pipeline/12_species_tree_final/iqtree/ATP5MC1.iqtree
  Maximum-likelihood tree:       /scratch/project_2004342/everything/paml_clean/FINAL_refseq_ftp_pipeline/12_species_tree_final/iqtree/ATP5MC1.treefile
  Likelihood distances:          /scratch/project_2004342/everything/paml_clean/FINAL_refseq_ftp_pipeline/12_species_tree_final/iqtree/ATP5MC1.mldist

Ultrafast bootstrap approximation results written to:
  Split support values:          /scratch/project_2004342/everything/paml_clean/FINAL_refseq_ftp_pipeline/12_species_tree_final/iqtree/ATP5MC1.splits.nex
  Consensus tree:                /scratch/project_2004342/everything/paml_clean/FINAL_refseq_ftp_pipeline/12_species_tree_final/iqtree/ATP5MC1.contree
  Screen log file:               /scratch/project_2004342/everything/paml_clean/FINAL_refseq_ftp_pipeline/12_species_tree_final/iqtree/ATP5MC1.log

Date and Time: Fri Jul 24 01:37:12 2026
