IQ-TREE multicore version 2.3.6 for Linux x86 64-bit built Aug  1 2024
Developed by Bui Quang Minh, Nguyen Lam Tung, Olga Chernomor, Heiko Schmidt,
Dominik Schrempf, Michael Woodhams, Ly Trong Nhan, Thomas Wong

Host:    r02c10.bullx (AVX512, FMA3, 187 GB RAM)
Command: iqtree2 -s /scratch/project_2004342/everything/paml_clean/FINAL_refseq_ftp_pipeline/11_codon_alignments_gblocks_final/species_fasta_by_gene/ATP5F1A/ATP5F1A.codon.gblocks.species.fasta -pre /scratch/project_2004342/everything/paml_clean/FINAL_refseq_ftp_pipeline/12_species_tree_final/iqtree/ATP5F1A -m MFP -B 1000 -alrt 1000 -nt 4 --redo
Seed:    88208 (Using SPRNG - Scalable Parallel Random Number Generator)
Time:    Fri Jul 24 01:36:51 2026
Kernel:  AVX+FMA - 4 threads (4 CPU cores detected)

Reading alignment file /scratch/project_2004342/everything/paml_clean/FINAL_refseq_ftp_pipeline/11_codon_alignments_gblocks_final/species_fasta_by_gene/ATP5F1A/ATP5F1A.codon.gblocks.species.fasta ... Fasta format detected
Reading fasta file: done in 0.000767707 secs using 97.43% CPU
Alignment most likely contains DNA/RNA sequences
Alignment has 28 sequences with 1659 columns, 270 distinct patterns
224 parsimony-informative, 93 singleton sites, 1342 constant sites
                           Gap/Ambiguity  Composition  p-value
Analyzing sequences: done in 1.4005e-05 secs using 78.54% CPU
   1  Artibeus_jamaicensis         0.00%    passed     77.75%
   2  Cnephaeus_nilssonii          0.00%    passed     98.93%
   3  Desmodus_rotundus            0.00%    passed     92.39%
   4  Eptesicus_fuscus             0.00%    passed     94.93%
   5  Miniopterus_natalensis       0.00%    passed     99.01%
   6  Miniopterus_schreibersii     0.00%    passed     97.37%
   7  Molossus_molossus            0.00%    passed     98.24%
   8  Myotis_daubentonii           0.00%    passed     97.96%
   9  Myotis_davidii               9.04%    passed     64.10%
  10  Myotis_lucifugus             0.00%    passed     99.75%
  11  Myotis_myotis                0.00%    passed     99.39%
  12  Myotis_nattereri             0.00%    passed     99.58%
  13  Myotis_yumanensis            0.00%    passed     99.63%
  14  Phyllostomus_discolor        0.00%    passed     46.32%
  15  Phyllostomus_hastatus        0.00%    passed     63.74%
  16  Pipistrellus_kuhlii          0.00%    passed     98.38%
  17  Plecotus_auritus             0.00%    passed     88.07%
  18  Pteronotus_mesoamericanus    0.00%    passed     90.13%
  19  Pteropus_alecto              0.00%    passed     94.39%
  20  Pteropus_medius              0.00%    passed     94.16%
  21  Pteropus_vampyrus            0.00%    passed     94.71%
  22  Rhinolophus_ferrumequinum    0.00%    passed     95.95%
  23  Rhinolophus_hipposideros     0.00%    passed     98.88%
  24  Rhinolophus_sinicus          0.00%    passed     85.83%
  25  Rousettus_aegyptiacus        0.00%    passed     90.51%
  26  Saccopteryx_bilineata        0.00%    passed     93.79%
  27  Saccopteryx_leptura          0.00%    passed     93.80%
  28  Sturnira_hondurensis         0.00%    passed     51.44%
****  TOTAL                        0.32%  0 sequences failed composition chi2 test (p-value<5%; df=3)


Create initial parsimony tree by phylogenetic likelihood library (PLL)... 0.001 seconds
WARNING: Number of threads seems too high for short alignments. Use -T AUTO to determine best number of threads.
Perform fast likelihood tree search using GTR+I+G model...
Estimate model parameters (epsilon = 5.000)
Perform nearest neighbor interchange...
Estimate model parameters (epsilon = 1.000)
1. Initial log-likelihood: -5607.007
Optimal log-likelihood: -5606.928
Rate parameters:  A-C: 1.59645  A-G: 6.58583  A-T: 0.91115  C-G: 0.76929  C-T: 8.30523  G-T: 1.00000
Base frequencies:  A: 0.239  C: 0.217  G: 0.266  T: 0.277
Proportion of invariable sites: 0.411
Gamma shape alpha: 0.376
Parameters optimization took 1 rounds (0.011 sec)
Time for fast ML tree search: 0.060 seconds

NOTE: ModelFinder requires 3 MB RAM!
ModelFinder will test up to 484 DNA models (sample size: 1659 epsilon: 0.100) ...
 No. Model         -LnL         df  AIC          AICc         BIC
WARNING: Number of threads seems too high for short alignments. Use -T AUTO to determine best number of threads.
  1  GTR+F         5834.576     61  11791.153    11795.889    12121.405
WARNING: Number of threads seems too high for short alignments. Use -T AUTO to determine best number of threads.
  2  GTR+F+I       5619.244     62  11362.488    11367.383    11698.154
WARNING: Number of threads seems too high for short alignments. Use -T AUTO to determine best number of threads.
  3  GTR+F+G4      5616.804     62  11357.607    11362.502    11693.274
WARNING: Number of threads seems too high for short alignments. Use -T AUTO to determine best number of threads.
  4  GTR+F+I+G4    5606.863     63  11339.726    11344.781    11680.806
WARNING: Number of threads seems too high for short alignments. Use -T AUTO to determine best number of threads.
  5  GTR+F+R2      5605.248     63  11336.497    11341.553    11677.577
WARNING: Number of threads seems too high for short alignments. Use -T AUTO to determine best number of threads.
  6  GTR+F+R3      5605.126     65  11340.252    11345.638    11692.160
WARNING: Number of threads seems too high for short alignments. Use -T AUTO to determine best number of threads.
 14  GTR+F+I+R2    5618.936     64  11365.873    11371.092    11712.367
WARNING: Number of threads seems too high for short alignments. Use -T AUTO to determine best number of threads.
 15  GTR+F+I+R3    5602.046     66  11336.092    11341.647    11693.414
WARNING: Number of threads seems too high for short alignments. Use -T AUTO to determine best number of threads.
 16  GTR+F+I+R4    5601.830     68  11339.659    11345.561    11707.809
WARNING: Number of threads seems too high for short alignments. Use -T AUTO to determine best number of threads.
 26  SYM+I+G4      5614.382     60  11348.765    11353.346    11673.603
WARNING: Number of threads seems too high for short alignments. Use -T AUTO to determine best number of threads.
 27  SYM+R2        5612.746     60  11345.493    11350.074    11670.331
WARNING: Number of threads seems too high for short alignments. Use -T AUTO to determine best number of threads.
 48  TVM+F+I+G4    5608.351     62  11340.703    11345.598    11676.369
WARNING: Number of threads seems too high for short alignments. Use -T AUTO to determine best number of threads.
 49  TVM+F+R2      5606.873     62  11337.746    11342.641    11673.412
WARNING: Number of threads seems too high for short alignments. Use -T AUTO to determine best number of threads.
 70  TVMe+I+G4     5615.021     59  11348.042    11352.470    11667.467
WARNING: Number of threads seems too high for short alignments. Use -T AUTO to determine best number of threads.
 71  TVMe+R2       5613.573     59  11345.146    11349.574    11664.571
WARNING: Number of threads seems too high for short alignments. Use -T AUTO to determine best number of threads.
 92  TIM3+F+I+G4   5609.464     61  11340.928    11345.665    11671.181
WARNING: Number of threads seems too high for short alignments. Use -T AUTO to determine best number of threads.
 93  TIM3+F+R2     5608.017     61  11338.034    11342.770    11668.286
WARNING: Number of threads seems too high for short alignments. Use -T AUTO to determine best number of threads.
114  TIM3e+I+G4    5616.474     58  11348.948    11353.225    11662.958
WARNING: Number of threads seems too high for short alignments. Use -T AUTO to determine best number of threads.
115  TIM3e+R2      5615.067     58  11346.134    11350.412    11660.144
WARNING: Number of threads seems too high for short alignments. Use -T AUTO to determine best number of threads.
136  TIM2+F+I+G4   5609.023     61  11340.046    11344.783    11670.299
WARNING: Number of threads seems too high for short alignments. Use -T AUTO to determine best number of threads.
137  TIM2+F+R2     5607.756     61  11337.513    11342.249    11667.765
WARNING: Number of threads seems too high for short alignments. Use -T AUTO to determine best number of threads.
158  TIM2e+I+G4    5615.985     58  11347.970    11352.247    11661.980
WARNING: Number of threads seems too high for short alignments. Use -T AUTO to determine best number of threads.
159  TIM2e+R2      5614.716     58  11345.432    11349.709    11659.442
WARNING: Number of threads seems too high for short alignments. Use -T AUTO to determine best number of threads.
180  TIM+F+I+G4    5608.251     61  11338.503    11343.239    11668.755
WARNING: Number of threads seems too high for short alignments. Use -T AUTO to determine best number of threads.
181  TIM+F+R2      5606.979     61  11335.957    11340.694    11666.209
WARNING: Number of threads seems too high for short alignments. Use -T AUTO to determine best number of threads.
202  TIMe+I+G4     5614.619     58  11345.238    11349.515    11659.248
WARNING: Number of threads seems too high for short alignments. Use -T AUTO to determine best number of threads.
203  TIMe+R2       5613.371     58  11342.743    11347.020    11656.753
WARNING: Number of threads seems too high for short alignments. Use -T AUTO to determine best number of threads.
224  TPM3u+F+I+G4  5610.787     60  11341.575    11346.156    11666.413
WARNING: Number of threads seems too high for short alignments. Use -T AUTO to determine best number of threads.
225  TPM3u+F+R2    5609.801     60  11339.602    11344.183    11664.440
WARNING: Number of threads seems too high for short alignments. Use -T AUTO to determine best number of threads.
246  TPM3+I+G4     5616.934     57  11347.868    11351.998    11656.464
WARNING: Number of threads seems too high for short alignments. Use -T AUTO to determine best number of threads.
247  TPM3+R2       5615.940     57  11345.880    11350.010    11654.477
WARNING: Number of threads seems too high for short alignments. Use -T AUTO to determine best number of threads.
268  TPM2u+F+I+G4  5610.377     60  11340.754    11345.335    11665.592
WARNING: Number of threads seems too high for short alignments. Use -T AUTO to determine best number of threads.
269  TPM2u+F+R2    5609.530     60  11339.060    11343.641    11663.898
WARNING: Number of threads seems too high for short alignments. Use -T AUTO to determine best number of threads.
290  TPM2+I+G4     5616.477     57  11346.954    11351.084    11655.550
WARNING: Number of threads seems too high for short alignments. Use -T AUTO to determine best number of threads.
291  TPM2+R2       5615.593     57  11345.186    11349.316    11653.783
WARNING: Number of threads seems too high for short alignments. Use -T AUTO to determine best number of threads.
312  K3Pu+F+I+G4   5609.636     60  11339.272    11343.853    11664.110
WARNING: Number of threads seems too high for short alignments. Use -T AUTO to determine best number of threads.
313  K3Pu+F+R2     5608.766     60  11337.533    11342.114    11662.371
WARNING: Number of threads seems too high for short alignments. Use -T AUTO to determine best number of threads.
334  K3P+I+G4      5615.120     57  11344.239    11348.369    11652.836
WARNING: Number of threads seems too high for short alignments. Use -T AUTO to determine best number of threads.
335  K3P+R2        5614.245     57  11342.489    11346.619    11651.085
WARNING: Number of threads seems too high for short alignments. Use -T AUTO to determine best number of threads.
356  TN+F+I+G4     5609.440     60  11338.881    11343.461    11663.719
WARNING: Number of threads seems too high for short alignments. Use -T AUTO to determine best number of threads.
357  TN+F+R2       5608.584     60  11337.167    11341.748    11662.005
WARNING: Number of threads seems too high for short alignments. Use -T AUTO to determine best number of threads.
378  TNe+I+G4      5615.919     57  11345.837    11349.967    11654.434
WARNING: Number of threads seems too high for short alignments. Use -T AUTO to determine best number of threads.
379  TNe+R2        5615.076     57  11344.151    11348.281    11652.748
WARNING: Number of threads seems too high for short alignments. Use -T AUTO to determine best number of threads.
400  HKY+F+I+G4    5611.022     59  11340.044    11344.472    11659.468
WARNING: Number of threads seems too high for short alignments. Use -T AUTO to determine best number of threads.
401  HKY+F+R2      5610.394     59  11338.788    11343.216    11658.212
WARNING: Number of threads seems too high for short alignments. Use -T AUTO to determine best number of threads.
422  K2P+I+G4      5616.615     56  11345.231    11349.216    11648.413
WARNING: Number of threads seems too high for short alignments. Use -T AUTO to determine best number of threads.
423  K2P+R2        5615.956     56  11343.911    11347.896    11647.094
WARNING: Number of threads seems too high for short alignments. Use -T AUTO to determine best number of threads.
444  F81+F+I+G4    5841.264     58  11798.529    11802.806    12112.539
WARNING: Number of threads seems too high for short alignments. Use -T AUTO to determine best number of threads.
445  F81+F+R2      5840.914     58  11797.828    11802.105    12111.838
WARNING: Number of threads seems too high for short alignments. Use -T AUTO to determine best number of threads.
466  JC+I+G4       5841.541     55  11793.083    11796.925    12090.851
WARNING: Number of threads seems too high for short alignments. Use -T AUTO to determine best number of threads.
467  JC+R2         5841.206     55  11792.412    11796.255    12090.180
Akaike Information Criterion:           TIM+F+R2
Corrected Akaike Information Criterion: TIM+F+R2
Bayesian Information Criterion:         K2P+R2
Best-fit model: K2P+R2 chosen according to BIC

All model information printed to /scratch/project_2004342/everything/paml_clean/FINAL_refseq_ftp_pipeline/12_species_tree_final/iqtree/ATP5F1A.model.gz
CPU time for ModelFinder: 4.478 seconds (0h:0m:4s)
Wall-clock time for ModelFinder: 1.135 seconds (0h:0m:1s)
Generating 1000 samples for ultrafast bootstrap (seed: 88208)...

NOTE: 1 MB RAM (0 GB) is required!
WARNING: Number of threads seems too high for short alignments. Use -T AUTO to determine best number of threads.
Estimate model parameters (epsilon = 0.100)
1. Initial log-likelihood: -5841.206
2. Current log-likelihood: -5825.568
3. Current log-likelihood: -5823.153
4. Current log-likelihood: -5821.614
5. Current log-likelihood: -5820.077
6. Current log-likelihood: -5818.515
7. Current log-likelihood: -5816.921
8. Current log-likelihood: -5815.292
9. Current log-likelihood: -5813.622
10. Current log-likelihood: -5811.911
11. Current log-likelihood: -5810.156
12. Current log-likelihood: -5808.353
13. Current log-likelihood: -5806.500
14. Current log-likelihood: -5804.595
15. Current log-likelihood: -5802.635
16. Current log-likelihood: -5800.616
17. Current log-likelihood: -5798.534
18. Current log-likelihood: -5796.386
19. Current log-likelihood: -5794.167
20. Current log-likelihood: -5791.873
21. Current log-likelihood: -5789.498
22. Current log-likelihood: -5787.036
23. Current log-likelihood: -5784.482
24. Current log-likelihood: -5781.827
25. Current log-likelihood: -5779.064
26. Current log-likelihood: -5776.184
27. Current log-likelihood: -5773.177
28. Current log-likelihood: -5770.031
29. Current log-likelihood: -5766.733
30. Current log-likelihood: -5763.267
31. Current log-likelihood: -5759.617
32. Current log-likelihood: -5755.763
33. Current log-likelihood: -5751.680
34. Current log-likelihood: -5747.340
35. Current log-likelihood: -5742.712
36. Current log-likelihood: -5737.754
37. Current log-likelihood: -5732.419
38. Current log-likelihood: -5726.649
39. Current log-likelihood: -5720.370
40. Current log-likelihood: -5713.490
41. Current log-likelihood: -5705.894
42. Current log-likelihood: -5697.434
43. Current log-likelihood: -5687.921
44. Current log-likelihood: -5677.115
45. Current log-likelihood: -5664.743
46. Current log-likelihood: -5650.593
47. Current log-likelihood: -5634.997
48. Current log-likelihood: -5616.020
Optimal log-likelihood: -5615.957
Rate parameters:  A-C: 1.00000  A-G: 7.02866  A-T: 1.00000  C-G: 1.00000  C-T: 7.02866  G-T: 1.00000
Base frequencies:  A: 0.250  C: 0.250  G: 0.250  T: 0.250
Site proportion and rates:  (0.874,0.259) (0.126,6.136)
Parameters optimization took 48 rounds (0.258 sec)
Wrote distance file to... 
Computing ML distances based on estimated model parameters...
Calculating distance matrix: done in 0.000803766 secs using 590.8% CPU
Computing ML distances took 0.000873 sec (of wall-clock time) 0.004823 sec (of CPU time)
Setting up auxiliary I and S matrices: done in 5.8952e-05 secs using 125.5% CPU
Computing RapidNJ tree took 0.000292 sec (of wall-clock time) 0.000906 sec (of CPU time)
Log-likelihood of RapidNJ tree: -5618.020
--------------------------------------------------------------------
|             INITIALIZING CANDIDATE TREE SET                      |
--------------------------------------------------------------------
Generating 98 parsimony trees... 0.171 second
Computing log-likelihood of 98 initial trees ... 0.169 seconds
Current best score: -5615.951

Do NNI search on 20 best initial trees
Estimate model parameters (epsilon = 0.100)
BETTER TREE FOUND at iteration 1: -5615.705
UPDATE BEST LOG-LIKELIHOOD: -5615.705
UPDATE BEST LOG-LIKELIHOOD: -5615.705
UPDATE BEST LOG-LIKELIHOOD: -5615.705
UPDATE BEST LOG-LIKELIHOOD: -5615.705
Iteration 10 / LogL: -5615.705 / Time: 0h:0m:1s
UPDATE BEST LOG-LIKELIHOOD: -5615.705
Iteration 20 / LogL: -5617.654 / Time: 0h:0m:2s
Finish initializing candidate tree set (3)
Current best tree score: -5615.705 / CPU time: 0.729
Number of iterations: 20
--------------------------------------------------------------------
|               OPTIMIZING CANDIDATE TREE SET                      |
--------------------------------------------------------------------
UPDATE BEST LOG-LIKELIHOOD: -5615.705
Iteration 30 / LogL: -5615.705 / Time: 0h:0m:2s (0h:0m:3s left)
Iteration 40 / LogL: -5615.707 / Time: 0h:0m:2s (0h:0m:2s left)
UPDATE BEST LOG-LIKELIHOOD: -5615.705
Iteration 50 / LogL: -5617.654 / Time: 0h:0m:3s (0h:0m:2s left)
Log-likelihood cutoff on original alignment: -5652.153
Iteration 60 / LogL: -5617.656 / Time: 0h:0m:3s (0h:0m:1s left)
Iteration 70 / LogL: -5615.705 / Time: 0h:0m:4s (0h:0m:1s left)
Iteration 80 / LogL: -5615.707 / Time: 0h:0m:4s (0h:0m:0s left)
Iteration 90 / LogL: -5615.708 / Time: 0h:0m:5s (0h:0m:0s left)
Iteration 100 / LogL: -5615.707 / Time: 0h:0m:5s (0h:0m:0s left)
Log-likelihood cutoff on original alignment: -5652.391
NOTE: Bootstrap correlation coefficient of split occurrence frequencies: 0.999
TREE SEARCH COMPLETED AFTER 102 ITERATIONS / Time: 0h:0m:5s

--------------------------------------------------------------------
|                    FINALIZING TREE SEARCH                        |
--------------------------------------------------------------------
Performs final model parameters optimization
Estimate model parameters (epsilon = 0.010)
1. Initial log-likelihood: -5615.705
Optimal log-likelihood: -5615.703
Rate parameters:  A-C: 1.00000  A-G: 7.04000  A-T: 1.00000  C-G: 1.00000  C-T: 7.04000  G-T: 1.00000
Base frequencies:  A: 0.250  C: 0.250  G: 0.250  T: 0.250
Site proportion and rates:  (0.873,0.257) (0.127,6.105)
Parameters optimization took 1 rounds (0.006 sec)
BEST SCORE FOUND : -5615.703

Testing tree branches by SH-like aLRT with 1000 replicates...
0.219 sec.
Creating bootstrap support values...
Split supports printed to NEXUS file /scratch/project_2004342/everything/paml_clean/FINAL_refseq_ftp_pipeline/12_species_tree_final/iqtree/ATP5F1A.splits.nex
Total tree length: 0.369

Total number of iterations: 102
CPU time used for tree search: 15.449 sec (0h:0m:15s)
Wall-clock time used for tree search: 4.178 sec (0h:0m:4s)
Total CPU time used: 22.022 sec (0h:0m:22s)
Total wall-clock time used: 5.919 sec (0h:0m:5s)

Computing bootstrap consensus tree...
Reading input file /scratch/project_2004342/everything/paml_clean/FINAL_refseq_ftp_pipeline/12_species_tree_final/iqtree/ATP5F1A.splits.nex...
28 taxa and 127 splits.
Consensus tree written to /scratch/project_2004342/everything/paml_clean/FINAL_refseq_ftp_pipeline/12_species_tree_final/iqtree/ATP5F1A.contree
Reading input trees file /scratch/project_2004342/everything/paml_clean/FINAL_refseq_ftp_pipeline/12_species_tree_final/iqtree/ATP5F1A.contree
Log-likelihood of consensus tree: -5615.707

Analysis results written to: 
  IQ-TREE report:                /scratch/project_2004342/everything/paml_clean/FINAL_refseq_ftp_pipeline/12_species_tree_final/iqtree/ATP5F1A.iqtree
  Maximum-likelihood tree:       /scratch/project_2004342/everything/paml_clean/FINAL_refseq_ftp_pipeline/12_species_tree_final/iqtree/ATP5F1A.treefile
  Likelihood distances:          /scratch/project_2004342/everything/paml_clean/FINAL_refseq_ftp_pipeline/12_species_tree_final/iqtree/ATP5F1A.mldist

Ultrafast bootstrap approximation results written to:
  Split support values:          /scratch/project_2004342/everything/paml_clean/FINAL_refseq_ftp_pipeline/12_species_tree_final/iqtree/ATP5F1A.splits.nex
  Consensus tree:                /scratch/project_2004342/everything/paml_clean/FINAL_refseq_ftp_pipeline/12_species_tree_final/iqtree/ATP5F1A.contree
  Screen log file:               /scratch/project_2004342/everything/paml_clean/FINAL_refseq_ftp_pipeline/12_species_tree_final/iqtree/ATP5F1A.log

Date and Time: Fri Jul 24 01:36:57 2026
