IQ-TREE multicore version 2.3.6 for Linux x86 64-bit built Aug  1 2024
Developed by Bui Quang Minh, Nguyen Lam Tung, Olga Chernomor, Heiko Schmidt,
Dominik Schrempf, Michael Woodhams, Ly Trong Nhan, Thomas Wong

Host:    r03c03.bullx (AVX512, FMA3, 187 GB RAM)
Command: iqtree2 -s /scratch/project_2004342/everything/paml_clean/FINAL_refseq_ftp_pipeline/11_codon_alignments_gblocks_final/species_fasta_by_gene/CREB5/CREB5.codon.gblocks.species.fasta -pre /scratch/project_2004342/everything/paml_clean/FINAL_refseq_ftp_pipeline/12_species_tree_final/iqtree/CREB5 -m MFP -B 1000 -alrt 1000 -nt 4 --redo
Seed:    853582 (Using SPRNG - Scalable Parallel Random Number Generator)
Time:    Fri Jul 24 01:37:14 2026
Kernel:  AVX+FMA - 4 threads (4 CPU cores detected)

Reading alignment file /scratch/project_2004342/everything/paml_clean/FINAL_refseq_ftp_pipeline/11_codon_alignments_gblocks_final/species_fasta_by_gene/CREB5/CREB5.codon.gblocks.species.fasta ... Fasta format detected
Reading fasta file: done in 0.000726164 secs using 99.15% CPU
Alignment most likely contains DNA/RNA sequences
Alignment has 29 sequences with 1506 columns, 297 distinct patterns
221 parsimony-informative, 85 singleton sites, 1200 constant sites
                           Gap/Ambiguity  Composition  p-value
Analyzing sequences: done in 1.26221e-05 secs using 95.07% CPU
   1  Artibeus_jamaicensis         0.00%    passed     99.51%
   2  Cnephaeus_nilssonii          0.00%    passed     94.87%
   3  Desmodus_rotundus            0.20%    passed     88.22%
   4  Eptesicus_fuscus             0.00%    passed     94.21%
   5  Hipposideros_armiger         0.00%    passed     66.84%
   6  Miniopterus_natalensis       0.20%    passed     37.82%
   7  Miniopterus_schreibersii     0.00%    passed     37.48%
   8  Molossus_molossus            0.20%    passed     98.41%
   9  Myotis_brandtii              0.00%    passed     84.19%
  10  Myotis_daubentonii           0.00%    passed     92.92%
  11  Myotis_davidii               5.18%    passed     96.92%
  12  Myotis_lucifugus             0.20%    passed     86.15%
  13  Myotis_myotis                0.00%    passed     87.49%
  14  Myotis_nattereri             0.20%    passed     86.61%
  15  Myotis_yumanensis           26.49%    passed     87.40%
  16  Phyllostomus_discolor        0.20%    passed     10.83%
  17  Phyllostomus_hastatus        0.20%    passed     36.33%
  18  Pipistrellus_kuhlii          0.00%    passed     96.09%
  19  Plecotus_auritus             0.00%    passed     92.95%
  20  Pteronotus_mesoamericanus    0.40%    passed     98.65%
  21  Pteropus_alecto              0.00%    passed     98.18%
  22  Pteropus_medius              0.00%    passed     98.07%
  23  Rhinolophus_ferrumequinum    0.00%    passed     84.15%
  24  Rhinolophus_hipposideros     0.20%    passed     46.25%
  25  Rhinolophus_sinicus          0.00%    passed     63.13%
  26  Rousettus_aegyptiacus        0.00%    passed     99.69%
  27  Saccopteryx_bilineata        0.20%    passed     89.68%
  28  Saccopteryx_leptura          0.20%    passed     85.84%
  29  Sturnira_hondurensis        26.49%    passed     37.47%
****  TOTAL                        2.09%  0 sequences failed composition chi2 test (p-value<5%; df=3)


Create initial parsimony tree by phylogenetic likelihood library (PLL)... 0.001 seconds
WARNING: Number of threads seems too high for short alignments. Use -T AUTO to determine best number of threads.
Perform fast likelihood tree search using GTR+I+G model...
Estimate model parameters (epsilon = 5.000)
Perform nearest neighbor interchange...
Estimate model parameters (epsilon = 1.000)
1. Initial log-likelihood: -5673.245
Optimal log-likelihood: -5673.090
Rate parameters:  A-C: 0.88384  A-G: 3.80283  A-T: 0.32213  C-G: 0.90861  C-T: 5.48050  G-T: 1.00000
Base frequencies:  A: 0.269  C: 0.335  G: 0.237  T: 0.160
Proportion of invariable sites: 0.415
Gamma shape alpha: 0.304
Parameters optimization took 1 rounds (0.009 sec)
Time for fast ML tree search: 0.063 seconds

NOTE: ModelFinder requires 4 MB RAM!
ModelFinder will test up to 484 DNA models (sample size: 1506 epsilon: 0.100) ...
 No. Model         -LnL         df  AIC          AICc         BIC
WARNING: Number of threads seems too high for short alignments. Use -T AUTO to determine best number of threads.
  1  GTR+F         6072.774     63  12271.549    12277.141    12606.533
WARNING: Number of threads seems too high for short alignments. Use -T AUTO to determine best number of threads.
  2  GTR+F+I       5693.154     64  11514.308    11520.082    11854.609
WARNING: Number of threads seems too high for short alignments. Use -T AUTO to determine best number of threads.
  3  GTR+F+G4      5690.741     64  11509.483    11515.257    11849.785
WARNING: Number of threads seems too high for short alignments. Use -T AUTO to determine best number of threads.
  4  GTR+F+I+G4    5671.626     65  11473.251    11479.209    11818.870
WARNING: Number of threads seems too high for short alignments. Use -T AUTO to determine best number of threads.
  5  GTR+F+R2      5676.663     65  11483.325    11489.284    11828.944
WARNING: Number of threads seems too high for short alignments. Use -T AUTO to determine best number of threads.
  6  GTR+F+R3      5676.389     67  11486.778    11493.115    11843.032
WARNING: Number of threads seems too high for short alignments. Use -T AUTO to determine best number of threads.
 14  GTR+F+I+R2    5674.378     66  11480.756    11486.902    11831.692
WARNING: Number of threads seems too high for short alignments. Use -T AUTO to determine best number of threads.
 15  GTR+F+I+R3    5666.538     68  11469.075    11475.606    11830.646
WARNING: Number of threads seems too high for short alignments. Use -T AUTO to determine best number of threads.
 16  GTR+F+I+R4    5665.834     70  11471.668    11478.594    11843.873
WARNING: Number of threads seems too high for short alignments. Use -T AUTO to determine best number of threads.
 26  SYM+I+G4      5731.848     62  11587.696    11593.110    11917.363
WARNING: Number of threads seems too high for short alignments. Use -T AUTO to determine best number of threads.
 48  TVM+F+I+G4    5675.523     64  11479.046    11484.820    11819.348
WARNING: Number of threads seems too high for short alignments. Use -T AUTO to determine best number of threads.
 70  TVMe+I+G4     5734.362     61  11590.725    11595.963    11915.075
WARNING: Number of threads seems too high for short alignments. Use -T AUTO to determine best number of threads.
 92  TIM3+F+I+G4   5675.461     63  11476.921    11482.513    11811.906
WARNING: Number of threads seems too high for short alignments. Use -T AUTO to determine best number of threads.
114  TIM3e+I+G4    5734.720     60  11589.440    11594.506    11908.473
WARNING: Number of threads seems too high for short alignments. Use -T AUTO to determine best number of threads.
136  TIM2+F+I+G4   5675.445     63  11476.890    11482.482    11811.875
WARNING: Number of threads seems too high for short alignments. Use -T AUTO to determine best number of threads.
158  TIM2e+I+G4    5750.190     60  11620.381    11625.447    11939.414
WARNING: Number of threads seems too high for short alignments. Use -T AUTO to determine best number of threads.
180  TIM+F+I+G4    5675.519     63  11477.038    11482.630    11812.022
WARNING: Number of threads seems too high for short alignments. Use -T AUTO to determine best number of threads.
202  TIMe+I+G4     5748.818     60  11617.636    11622.702    11936.669
WARNING: Number of threads seems too high for short alignments. Use -T AUTO to determine best number of threads.
224  TPM3u+F+I+G4  5679.410     62  11482.821    11488.235    11812.488
WARNING: Number of threads seems too high for short alignments. Use -T AUTO to determine best number of threads.
246  TPM3+I+G4     5737.042     59  11592.084    11596.980    11905.799
WARNING: Number of threads seems too high for short alignments. Use -T AUTO to determine best number of threads.
268  TPM2u+F+I+G4  5680.073     62  11484.145    11489.559    11813.813
WARNING: Number of threads seems too high for short alignments. Use -T AUTO to determine best number of threads.
290  TPM2+I+G4     5752.226     59  11622.452    11627.349    11936.168
WARNING: Number of threads seems too high for short alignments. Use -T AUTO to determine best number of threads.
312  K3Pu+F+I+G4   5680.160     62  11484.321    11489.734    11813.988
WARNING: Number of threads seems too high for short alignments. Use -T AUTO to determine best number of threads.
334  K3P+I+G4      5750.866     59  11619.731    11624.627    11933.447
WARNING: Number of threads seems too high for short alignments. Use -T AUTO to determine best number of threads.
356  TN+F+I+G4     5676.236     62  11476.473    11481.887    11806.140
WARNING: Number of threads seems too high for short alignments. Use -T AUTO to determine best number of threads.
378  TNe+I+G4      5750.320     59  11618.639    11623.535    11932.355
WARNING: Number of threads seems too high for short alignments. Use -T AUTO to determine best number of threads.
400  HKY+F+I+G4    5681.381     61  11484.761    11489.999    11809.111
WARNING: Number of threads seems too high for short alignments. Use -T AUTO to determine best number of threads.
422  K2P+I+G4      5752.677     58  11621.354    11626.083    11929.752
WARNING: Number of threads seems too high for short alignments. Use -T AUTO to determine best number of threads.
444  F81+F+I+G4    5899.228     60  11918.457    11923.523    12237.490
WARNING: Number of threads seems too high for short alignments. Use -T AUTO to determine best number of threads.
466  JC+I+G4       5955.881     57  12025.762    12030.328    12328.843
Akaike Information Criterion:           GTR+F+I+R3
Corrected Akaike Information Criterion: GTR+F+I+R3
Bayesian Information Criterion:         TN+F+I+G4
Best-fit model: TN+F+I+G4 chosen according to BIC

All model information printed to /scratch/project_2004342/everything/paml_clean/FINAL_refseq_ftp_pipeline/12_species_tree_final/iqtree/CREB5.model.gz
CPU time for ModelFinder: 4.797 seconds (0h:0m:4s)
Wall-clock time for ModelFinder: 1.214 seconds (0h:0m:1s)
Generating 1000 samples for ultrafast bootstrap (seed: 853582)...

NOTE: 2 MB RAM (0 GB) is required!
WARNING: Number of threads seems too high for short alignments. Use -T AUTO to determine best number of threads.
Estimate model parameters (epsilon = 0.100)
Thoroughly optimizing +I+G parameters from 10 start values...
Init pinv, alpha: 0.000, 0.610 / Estimate: 0.000, 0.109 / LogL: -5697.782
Init pinv, alpha: 0.089, 0.610 / Estimate: 0.490, 0.394 / LogL: -5678.198
Init pinv, alpha: 0.177, 0.610 / Estimate: 0.492, 0.396 / LogL: -5678.167
Init pinv, alpha: 0.266, 0.610 / Estimate: 0.490, 0.394 / LogL: -5678.199
Init pinv, alpha: 0.354, 0.610 / Estimate: 0.491, 0.395 / LogL: -5678.187
Init pinv, alpha: 0.443, 0.610 / Estimate: 0.490, 0.394 / LogL: -5678.214
Init pinv, alpha: 0.531, 0.610 / Estimate: 0.550, 0.502 / LogL: -5676.777
Init pinv, alpha: 0.620, 0.610 / Estimate: 0.617, 0.704 / LogL: -5675.707
Init pinv, alpha: 0.708, 0.610 / Estimate: 0.681, 1.129 / LogL: -5675.868
Init pinv, alpha: 0.797, 0.610 / Estimate: 0.686, 1.185 / LogL: -5675.990
Optimal pinv,alpha: 0.617, 0.704 / LogL: -5675.707

Parameters optimization took 1.419 sec
Wrote distance file to... 
Computing ML distances based on estimated model parameters...
Calculating distance matrix: done in 0.00121018 secs using 544% CPU
Computing ML distances took 0.001277 sec (of wall-clock time) 0.006655 sec (of CPU time)
Setting up auxiliary I and S matrices: done in 5.406e-05 secs using 3054% CPU
Computing RapidNJ tree took 0.000288 sec (of wall-clock time) 0.002029 sec (of CPU time)
Log-likelihood of RapidNJ tree: -5686.940
--------------------------------------------------------------------
|             INITIALIZING CANDIDATE TREE SET                      |
--------------------------------------------------------------------
Generating 98 parsimony trees... 0.185 second
Computing log-likelihood of 98 initial trees ... 0.212 seconds
Current best score: -5675.707

Do NNI search on 20 best initial trees
Estimate model parameters (epsilon = 0.100)
BETTER TREE FOUND at iteration 1: -5675.693
UPDATE BEST LOG-LIKELIHOOD: -5675.693
UPDATE BEST LOG-LIKELIHOOD: -5675.693
UPDATE BEST LOG-LIKELIHOOD: -5675.693
Iteration 10 / LogL: -5675.694 / Time: 0h:0m:3s
Iteration 20 / LogL: -5675.696 / Time: 0h:0m:3s
Finish initializing candidate tree set (2)
Current best tree score: -5675.693 / CPU time: 1.052
Number of iterations: 20
--------------------------------------------------------------------
|               OPTIMIZING CANDIDATE TREE SET                      |
--------------------------------------------------------------------
UPDATE BEST LOG-LIKELIHOOD: -5675.693
UPDATE BEST LOG-LIKELIHOOD: -5675.693
Iteration 30 / LogL: -5675.694 / Time: 0h:0m:4s (0h:0m:7s left)
Iteration 40 / LogL: -5675.696 / Time: 0h:0m:4s (0h:0m:5s left)
Iteration 50 / LogL: -5716.852 / Time: 0h:0m:5s (0h:0m:4s left)
Log-likelihood cutoff on original alignment: -5707.778
Iteration 60 / LogL: -5675.696 / Time: 0h:0m:5s (0h:0m:3s left)
UPDATE BEST LOG-LIKELIHOOD: -5675.693
Iteration 70 / LogL: -5675.697 / Time: 0h:0m:6s (0h:0m:2s left)
UPDATE BEST LOG-LIKELIHOOD: -5675.693
Iteration 80 / LogL: -5675.696 / Time: 0h:0m:6s (0h:0m:1s left)
Iteration 90 / LogL: -5675.694 / Time: 0h:0m:7s (0h:0m:0s left)
Iteration 100 / LogL: -5675.693 / Time: 0h:0m:8s (0h:0m:0s left)
Log-likelihood cutoff on original alignment: -5707.763
NOTE: Bootstrap correlation coefficient of split occurrence frequencies: 0.998
TREE SEARCH COMPLETED AFTER 102 ITERATIONS / Time: 0h:0m:8s

--------------------------------------------------------------------
|                    FINALIZING TREE SEARCH                        |
--------------------------------------------------------------------
Performs final model parameters optimization
Estimate model parameters (epsilon = 0.010)
1. Initial log-likelihood: -5675.693
2. Current log-likelihood: -5675.682
Optimal log-likelihood: -5675.670
Rate parameters:  A-C: 1.00000  A-G: 4.67929  A-T: 1.00000  C-G: 1.00000  C-T: 7.12513  G-T: 1.00000
Base frequencies:  A: 0.269  C: 0.335  G: 0.237  T: 0.160
Proportion of invariable sites: 0.621
Gamma shape alpha: 0.721
Parameters optimization took 2 rounds (0.010 sec)
BEST SCORE FOUND : -5675.670

Testing tree branches by SH-like aLRT with 1000 replicates...
0.213 sec.
Creating bootstrap support values...
Split supports printed to NEXUS file /scratch/project_2004342/everything/paml_clean/FINAL_refseq_ftp_pipeline/12_species_tree_final/iqtree/CREB5.splits.nex
Total tree length: 0.539

Total number of iterations: 102
CPU time used for tree search: 21.021 sec (0h:0m:21s)
Wall-clock time used for tree search: 5.602 sec (0h:0m:5s)
Total CPU time used: 32.529 sec (0h:0m:32s)
Total wall-clock time used: 8.577 sec (0h:0m:8s)

Computing bootstrap consensus tree...
Reading input file /scratch/project_2004342/everything/paml_clean/FINAL_refseq_ftp_pipeline/12_species_tree_final/iqtree/CREB5.splits.nex...
29 taxa and 165 splits.
Consensus tree written to /scratch/project_2004342/everything/paml_clean/FINAL_refseq_ftp_pipeline/12_species_tree_final/iqtree/CREB5.contree
Reading input trees file /scratch/project_2004342/everything/paml_clean/FINAL_refseq_ftp_pipeline/12_species_tree_final/iqtree/CREB5.contree
Log-likelihood of consensus tree: -5675.675

Analysis results written to: 
  IQ-TREE report:                /scratch/project_2004342/everything/paml_clean/FINAL_refseq_ftp_pipeline/12_species_tree_final/iqtree/CREB5.iqtree
  Maximum-likelihood tree:       /scratch/project_2004342/everything/paml_clean/FINAL_refseq_ftp_pipeline/12_species_tree_final/iqtree/CREB5.treefile
  Likelihood distances:          /scratch/project_2004342/everything/paml_clean/FINAL_refseq_ftp_pipeline/12_species_tree_final/iqtree/CREB5.mldist

Ultrafast bootstrap approximation results written to:
  Split support values:          /scratch/project_2004342/everything/paml_clean/FINAL_refseq_ftp_pipeline/12_species_tree_final/iqtree/CREB5.splits.nex
  Consensus tree:                /scratch/project_2004342/everything/paml_clean/FINAL_refseq_ftp_pipeline/12_species_tree_final/iqtree/CREB5.contree
  Screen log file:               /scratch/project_2004342/everything/paml_clean/FINAL_refseq_ftp_pipeline/12_species_tree_final/iqtree/CREB5.log

Date and Time: Fri Jul 24 01:37:23 2026
