IQ-TREE multicore version 2.3.6 for Linux x86 64-bit built Aug  1 2024
Developed by Bui Quang Minh, Nguyen Lam Tung, Olga Chernomor, Heiko Schmidt,
Dominik Schrempf, Michael Woodhams, Ly Trong Nhan, Thomas Wong

Host:    r15c01.bullx (AVX512, FMA3, 187 GB RAM)
Command: iqtree2 -s /scratch/project_2004342/everything/paml_clean/FINAL_refseq_ftp_pipeline/11_codon_alignments_gblocks_final/species_fasta_by_gene/NDUFB8/NDUFB8.codon.gblocks.species.fasta -pre /scratch/project_2004342/everything/paml_clean/FINAL_refseq_ftp_pipeline/12_species_tree_final/iqtree/NDUFB8 -m MFP -B 1000 -alrt 1000 -nt 4 --redo
Seed:    865917 (Using SPRNG - Scalable Parallel Random Number Generator)
Time:    Fri Jul 24 01:37:18 2026
Kernel:  AVX+FMA - 4 threads (4 CPU cores detected)

Reading alignment file /scratch/project_2004342/everything/paml_clean/FINAL_refseq_ftp_pipeline/11_codon_alignments_gblocks_final/species_fasta_by_gene/NDUFB8/NDUFB8.codon.gblocks.species.fasta ... Fasta format detected
Reading fasta file: done in 0.000334185 secs
Alignment most likely contains DNA/RNA sequences
Alignment has 30 sequences with 558 columns, 163 distinct patterns
107 parsimony-informative, 60 singleton sites, 391 constant sites
                           Gap/Ambiguity  Composition  p-value
Analyzing sequences: done in 9.68203e-06 secs using 92.96% CPU
   1  Artibeus_jamaicensis         0.00%    passed     97.42%
   2  Cnephaeus_nilssonii          0.00%    passed     98.49%
   3  Desmodus_rotundus            0.00%    passed     99.29%
   4  Eptesicus_fuscus             0.00%    passed     96.83%
   5  Hipposideros_armiger         0.00%    passed     88.82%
   6  Miniopterus_natalensis       0.00%    passed     96.55%
   7  Miniopterus_schreibersii     0.00%    passed     97.50%
   8  Molossus_molossus            0.00%    passed     98.11%
   9  Myotis_brandtii              0.00%    passed     90.42%
  10  Myotis_daubentonii           0.00%    passed     83.83%
  11  Myotis_davidii               0.00%    passed     83.83%
  12  Myotis_lucifugus             5.91%    passed     93.74%
  13  Myotis_myotis                0.00%    passed     87.81%
  14  Myotis_nattereri             0.00%    passed     83.83%
  15  Myotis_yumanensis            0.00%    passed     86.72%
  16  Phyllostomus_discolor        0.00%    passed     95.95%
  17  Phyllostomus_hastatus        0.00%    passed     98.36%
  18  Pipistrellus_kuhlii          0.00%    passed     96.59%
  19  Plecotus_auritus             0.00%    passed     99.41%
  20  Pteronotus_mesoamericanus    0.00%    passed     99.67%
  21  Pteropus_alecto              0.00%    passed     84.18%
  22  Pteropus_medius              0.00%    passed     90.80%
  23  Pteropus_vampyrus            0.00%    passed     84.31%
  24  Rhinolophus_ferrumequinum    0.00%    passed     97.46%
  25  Rhinolophus_hipposideros     0.00%    passed     94.77%
  26  Rhinolophus_sinicus          0.00%    passed     98.71%
  27  Rousettus_aegyptiacus        0.00%    passed     96.90%
  28  Saccopteryx_bilineata        0.00%    passed     91.49%
  29  Saccopteryx_leptura          0.00%    passed     87.69%
  30  Sturnira_hondurensis         0.00%    passed     91.56%
****  TOTAL                        0.20%  0 sequences failed composition chi2 test (p-value<5%; df=3)


Create initial parsimony tree by phylogenetic likelihood library (PLL)... 0.001 seconds
WARNING: Number of threads seems too high for short alignments. Use -T AUTO to determine best number of threads.
Perform fast likelihood tree search using GTR+I+G model...
Estimate model parameters (epsilon = 5.000)
Perform nearest neighbor interchange...
Estimate model parameters (epsilon = 1.000)
1. Initial log-likelihood: -2433.327
Optimal log-likelihood: -2433.313
Rate parameters:  A-C: 0.79138  A-G: 2.35109  A-T: 0.86910  C-G: 0.78142  C-T: 4.32602  G-T: 1.00000
Base frequencies:  A: 0.225  C: 0.277  G: 0.297  T: 0.200
Proportion of invariable sites: 0.346
Gamma shape alpha: 0.989
Parameters optimization took 1 rounds (0.007 sec)
Time for fast ML tree search: 0.037 seconds

NOTE: ModelFinder requires 2 MB RAM!
ModelFinder will test up to 484 DNA models (sample size: 558 epsilon: 0.100) ...
 No. Model         -LnL         df  AIC          AICc         BIC
WARNING: Number of threads seems too high for short alignments. Use -T AUTO to determine best number of threads.
  1  GTR+F         2487.189     65  5104.377     5121.816     5385.460
WARNING: Number of threads seems too high for short alignments. Use -T AUTO to determine best number of threads.
  2  GTR+F+I       2440.115     66  5012.230     5030.242     5297.638
WARNING: Number of threads seems too high for short alignments. Use -T AUTO to determine best number of threads.
  3  GTR+F+G4      2434.295     66  5000.589     5018.602     5285.997
WARNING: Number of threads seems too high for short alignments. Use -T AUTO to determine best number of threads.
  4  GTR+F+I+G4    2433.311     67  5000.623     5019.219     5290.355
WARNING: Number of threads seems too high for short alignments. Use -T AUTO to determine best number of threads.
  5  GTR+F+R2      2432.568     67  4999.135     5017.731     5288.867
WARNING: Number of threads seems too high for short alignments. Use -T AUTO to determine best number of threads.
  6  GTR+F+R3      2431.755     69  5001.511     5021.306     5299.891
WARNING: Number of threads seems too high for short alignments. Use -T AUTO to determine best number of threads.
 14  GTR+F+I+R2    2430.696     68  4997.393     5016.583     5291.449
WARNING: Number of threads seems too high for short alignments. Use -T AUTO to determine best number of threads.
 15  GTR+F+I+R3    2430.115     70  5000.230     5020.641     5302.936
WARNING: Number of threads seems too high for short alignments. Use -T AUTO to determine best number of threads.
 25  SYM+G4        2439.753     63  5005.506     5021.830     5277.941
WARNING: Number of threads seems too high for short alignments. Use -T AUTO to determine best number of threads.
 26  SYM+I+G4      2438.823     64  5005.647     5022.523     5282.406
WARNING: Number of threads seems too high for short alignments. Use -T AUTO to determine best number of threads.
 27  SYM+R2        2437.777     64  5003.553     5020.429     5280.312
WARNING: Number of threads seems too high for short alignments. Use -T AUTO to determine best number of threads.
 36  SYM+I+R2      2436.165     65  5002.331     5019.770     5283.414
WARNING: Number of threads seems too high for short alignments. Use -T AUTO to determine best number of threads.
 47  TVM+F+G4      2439.833     65  5009.666     5027.105     5290.749
WARNING: Number of threads seems too high for short alignments. Use -T AUTO to determine best number of threads.
 48  TVM+F+I+G4    2438.798     66  5009.596     5027.608     5295.004
WARNING: Number of threads seems too high for short alignments. Use -T AUTO to determine best number of threads.
 49  TVM+F+R2      2438.433     66  5008.866     5026.879     5294.274
WARNING: Number of threads seems too high for short alignments. Use -T AUTO to determine best number of threads.
 58  TVM+F+I+R2    2436.934     67  5007.867     5026.463     5297.599
WARNING: Number of threads seems too high for short alignments. Use -T AUTO to determine best number of threads.
 69  TVMe+G4       2443.343     62  5010.687     5026.469     5278.797
WARNING: Number of threads seems too high for short alignments. Use -T AUTO to determine best number of threads.
 70  TVMe+I+G4     2442.337     63  5010.674     5026.998     5283.108
WARNING: Number of threads seems too high for short alignments. Use -T AUTO to determine best number of threads.
 71  TVMe+R2       2441.548     63  5009.096     5025.420     5281.530
WARNING: Number of threads seems too high for short alignments. Use -T AUTO to determine best number of threads.
 80  TVMe+I+R2     2440.077     64  5008.153     5025.030     5284.912
WARNING: Number of threads seems too high for short alignments. Use -T AUTO to determine best number of threads.
 91  TIM3+F+G4     2434.380     64  4996.761     5013.637     5273.520
WARNING: Number of threads seems too high for short alignments. Use -T AUTO to determine best number of threads.
 92  TIM3+F+I+G4   2433.395     65  4996.789     5014.228     5277.873
WARNING: Number of threads seems too high for short alignments. Use -T AUTO to determine best number of threads.
 93  TIM3+F+R2     2432.481     65  4994.962     5012.401     5276.045
WARNING: Number of threads seems too high for short alignments. Use -T AUTO to determine best number of threads.
102  TIM3+F+I+R2   2430.523     66  4993.045     5011.057     5278.453
WARNING: Number of threads seems too high for short alignments. Use -T AUTO to determine best number of threads.
113  TIM3e+G4      2440.376     61  5002.752     5018.002     5266.538
WARNING: Number of threads seems too high for short alignments. Use -T AUTO to determine best number of threads.
114  TIM3e+I+G4    2439.456     62  5002.911     5018.693     5271.021
WARNING: Number of threads seems too high for short alignments. Use -T AUTO to determine best number of threads.
115  TIM3e+R2      2438.310     62  5000.620     5016.402     5268.730
WARNING: Number of threads seems too high for short alignments. Use -T AUTO to determine best number of threads.
124  TIM3e+I+R2    2436.724     63  4999.447     5015.771     5271.882
WARNING: Number of threads seems too high for short alignments. Use -T AUTO to determine best number of threads.
135  TIM2+F+G4     2434.651     64  4997.302     5014.178     5274.061
WARNING: Number of threads seems too high for short alignments. Use -T AUTO to determine best number of threads.
136  TIM2+F+I+G4   2433.684     65  4997.368     5014.807     5278.451
WARNING: Number of threads seems too high for short alignments. Use -T AUTO to determine best number of threads.
137  TIM2+F+R2     2432.707     65  4995.413     5012.852     5276.497
WARNING: Number of threads seems too high for short alignments. Use -T AUTO to determine best number of threads.
146  TIM2+F+I+R2   2430.809     66  4993.619     5011.631     5279.026
WARNING: Number of threads seems too high for short alignments. Use -T AUTO to determine best number of threads.
157  TIM2e+G4      2439.873     61  5001.746     5016.996     5265.532
WARNING: Number of threads seems too high for short alignments. Use -T AUTO to determine best number of threads.
158  TIM2e+I+G4    2438.933     62  5001.865     5017.647     5269.975
WARNING: Number of threads seems too high for short alignments. Use -T AUTO to determine best number of threads.
159  TIM2e+R2      2437.699     62  4999.399     5015.180     5267.509
WARNING: Number of threads seems too high for short alignments. Use -T AUTO to determine best number of threads.
168  TIM2e+I+R2    2435.988     63  4997.975     5014.299     5270.410
WARNING: Number of threads seems too high for short alignments. Use -T AUTO to determine best number of threads.
179  TIM+F+G4      2434.576     64  4997.153     5014.029     5273.912
WARNING: Number of threads seems too high for short alignments. Use -T AUTO to determine best number of threads.
180  TIM+F+I+G4    2433.612     65  4997.224     5014.663     5278.307
WARNING: Number of threads seems too high for short alignments. Use -T AUTO to determine best number of threads.
181  TIM+F+R2      2432.645     65  4995.291     5012.730     5276.374
WARNING: Number of threads seems too high for short alignments. Use -T AUTO to determine best number of threads.
190  TIM+F+I+R2    2430.734     66  4993.468     5011.480     5278.876
WARNING: Number of threads seems too high for short alignments. Use -T AUTO to determine best number of threads.
201  TIMe+G4       2440.439     61  5002.877     5018.127     5266.663
WARNING: Number of threads seems too high for short alignments. Use -T AUTO to determine best number of threads.
202  TIMe+I+G4     2439.510     62  5003.020     5018.802     5271.130
WARNING: Number of threads seems too high for short alignments. Use -T AUTO to determine best number of threads.
203  TIMe+R2       2438.326     62  5000.651     5016.433     5268.761
WARNING: Number of threads seems too high for short alignments. Use -T AUTO to determine best number of threads.
212  TIMe+I+R2     2436.672     63  4999.344     5015.668     5271.779
WARNING: Number of threads seems too high for short alignments. Use -T AUTO to determine best number of threads.
223  TPM3u+F+G4    2439.911     63  5005.823     5022.146     5278.257
WARNING: Number of threads seems too high for short alignments. Use -T AUTO to determine best number of threads.
224  TPM3u+F+I+G4  2438.875     64  5005.750     5022.626     5282.509
WARNING: Number of threads seems too high for short alignments. Use -T AUTO to determine best number of threads.
225  TPM3u+F+R2    2438.502     64  5005.004     5021.880     5281.763
WARNING: Number of threads seems too high for short alignments. Use -T AUTO to determine best number of threads.
234  TPM3u+F+I+R2  2436.733     65  5003.465     5020.904     5284.549
WARNING: Number of threads seems too high for short alignments. Use -T AUTO to determine best number of threads.
245  TPM3+G4       2444.017     60  5008.035     5022.763     5267.496
WARNING: Number of threads seems too high for short alignments. Use -T AUTO to determine best number of threads.
246  TPM3+I+G4     2443.023     61  5008.045     5023.295     5271.831
WARNING: Number of threads seems too high for short alignments. Use -T AUTO to determine best number of threads.
247  TPM3+R2       2442.242     61  5006.484     5021.734     5270.270
WARNING: Number of threads seems too high for short alignments. Use -T AUTO to determine best number of threads.
256  TPM3+I+R2     2440.660     62  5005.320     5021.102     5273.431
WARNING: Number of threads seems too high for short alignments. Use -T AUTO to determine best number of threads.
267  TPM2u+F+G4    2440.155     63  5006.311     5022.634     5278.745
WARNING: Number of threads seems too high for short alignments. Use -T AUTO to determine best number of threads.
268  TPM2u+F+I+G4  2439.136     64  5006.273     5023.149     5283.032
WARNING: Number of threads seems too high for short alignments. Use -T AUTO to determine best number of threads.
269  TPM2u+F+R2    2438.731     64  5005.462     5022.338     5282.221
WARNING: Number of threads seems too high for short alignments. Use -T AUTO to determine best number of threads.
278  TPM2u+F+I+R2  2436.971     65  5003.942     5021.381     5285.025
WARNING: Number of threads seems too high for short alignments. Use -T AUTO to determine best number of threads.
289  TPM2+G4       2443.445     60  5006.890     5021.618     5266.352
WARNING: Number of threads seems too high for short alignments. Use -T AUTO to determine best number of threads.
290  TPM2+I+G4     2442.430     61  5006.861     5022.111     5270.647
WARNING: Number of threads seems too high for short alignments. Use -T AUTO to determine best number of threads.
291  TPM2+R2       2441.569     61  5005.139     5020.389     5268.925
WARNING: Number of threads seems too high for short alignments. Use -T AUTO to determine best number of threads.
300  TPM2+I+R2     2439.849     62  5003.698     5019.479     5271.808
WARNING: Number of threads seems too high for short alignments. Use -T AUTO to determine best number of threads.
311  K3Pu+F+G4     2440.075     63  5006.150     5022.474     5278.584
WARNING: Number of threads seems too high for short alignments. Use -T AUTO to determine best number of threads.
312  K3Pu+F+I+G4   2439.059     64  5006.117     5022.993     5282.876
WARNING: Number of threads seems too high for short alignments. Use -T AUTO to determine best number of threads.
313  K3Pu+F+R2     2438.692     64  5005.384     5022.260     5282.143
WARNING: Number of threads seems too high for short alignments. Use -T AUTO to determine best number of threads.
322  K3Pu+F+I+R2   2436.866     65  5003.732     5021.171     5284.815
WARNING: Number of threads seems too high for short alignments. Use -T AUTO to determine best number of threads.
333  K3P+G4        2444.064     60  5008.127     5022.856     5267.589
WARNING: Number of threads seems too high for short alignments. Use -T AUTO to determine best number of threads.
334  K3P+I+G4      2443.063     61  5008.127     5023.377     5271.913
WARNING: Number of threads seems too high for short alignments. Use -T AUTO to determine best number of threads.
335  K3P+R2        2442.295     61  5006.589     5021.839     5270.375
WARNING: Number of threads seems too high for short alignments. Use -T AUTO to determine best number of threads.
344  K3P+I+R2      2440.580     62  5005.160     5020.942     5273.270
WARNING: Number of threads seems too high for short alignments. Use -T AUTO to determine best number of threads.
355  TN+F+G4       2434.675     63  4995.349     5011.673     5267.784
WARNING: Number of threads seems too high for short alignments. Use -T AUTO to determine best number of threads.
356  TN+F+I+G4     2433.708     64  4995.417     5012.293     5272.176
WARNING: Number of threads seems too high for short alignments. Use -T AUTO to determine best number of threads.
357  TN+F+R2       2432.719     64  4993.438     5010.314     5270.197
WARNING: Number of threads seems too high for short alignments. Use -T AUTO to determine best number of threads.
366  TN+F+I+R2     2430.633     65  4991.267     5008.706     5272.350
WARNING: Number of threads seems too high for short alignments. Use -T AUTO to determine best number of threads.
377  TNe+G4        2440.449     60  5000.897     5015.625     5260.359
WARNING: Number of threads seems too high for short alignments. Use -T AUTO to determine best number of threads.
378  TNe+I+G4      2439.519     61  5001.039     5016.289     5264.825
WARNING: Number of threads seems too high for short alignments. Use -T AUTO to determine best number of threads.
379  TNe+R2        2438.325     61  4998.651     5013.901     5262.437
WARNING: Number of threads seems too high for short alignments. Use -T AUTO to determine best number of threads.
388  TNe+I+R2      2436.549     62  4997.097     5012.879     5265.207
WARNING: Number of threads seems too high for short alignments. Use -T AUTO to determine best number of threads.
399  HKY+F+G4      2440.173     62  5004.345     5020.127     5272.456
WARNING: Number of threads seems too high for short alignments. Use -T AUTO to determine best number of threads.
400  HKY+F+I+G4    2439.155     63  5004.310     5020.633     5276.744
WARNING: Number of threads seems too high for short alignments. Use -T AUTO to determine best number of threads.
401  HKY+F+R2      2438.778     63  5003.557     5019.881     5275.991
WARNING: Number of threads seems too high for short alignments. Use -T AUTO to determine best number of threads.
410  HKY+F+I+R2    2436.840     64  5001.681     5018.557     5278.440
WARNING: Number of threads seems too high for short alignments. Use -T AUTO to determine best number of threads.
421  K2P+G4        2444.073     59  5006.145     5020.362     5261.282
WARNING: Number of threads seems too high for short alignments. Use -T AUTO to determine best number of threads.
422  K2P+I+G4      2443.072     60  5006.145     5020.873     5265.606
WARNING: Number of threads seems too high for short alignments. Use -T AUTO to determine best number of threads.
423  K2P+R2        2442.302     60  5004.603     5019.331     5264.065
WARNING: Number of threads seems too high for short alignments. Use -T AUTO to determine best number of threads.
432  K2P+I+R2      2440.512     61  5003.023     5018.273     5266.809
WARNING: Number of threads seems too high for short alignments. Use -T AUTO to determine best number of threads.
443  F81+F+G4      2497.885     61  5117.769     5133.019     5381.555
WARNING: Number of threads seems too high for short alignments. Use -T AUTO to determine best number of threads.
444  F81+F+I+G4    2496.914     62  5117.828     5133.610     5385.938
WARNING: Number of threads seems too high for short alignments. Use -T AUTO to determine best number of threads.
445  F81+F+R2      2496.306     62  5116.613     5132.395     5384.723
WARNING: Number of threads seems too high for short alignments. Use -T AUTO to determine best number of threads.
454  F81+F+I+R2    2494.473     63  5114.945     5131.269     5387.380
WARNING: Number of threads seems too high for short alignments. Use -T AUTO to determine best number of threads.
465  JC+G4         2499.254     58  5114.509     5128.224     5365.321
WARNING: Number of threads seems too high for short alignments. Use -T AUTO to determine best number of threads.
466  JC+I+G4       2498.319     59  5114.638     5128.854     5369.775
WARNING: Number of threads seems too high for short alignments. Use -T AUTO to determine best number of threads.
467  JC+R2         2497.637     59  5113.273     5127.490     5368.411
WARNING: Number of threads seems too high for short alignments. Use -T AUTO to determine best number of threads.
476  JC+I+R2       2495.913     60  5111.826     5126.554     5371.287
Akaike Information Criterion:           TN+F+I+R2
Corrected Akaike Information Criterion: TN+F+I+R2
Bayesian Information Criterion:         TNe+G4
Best-fit model: TNe+G4 chosen according to BIC

All model information printed to /scratch/project_2004342/everything/paml_clean/FINAL_refseq_ftp_pipeline/12_species_tree_final/iqtree/NDUFB8.model.gz
CPU time for ModelFinder: 3.643 seconds (0h:0m:3s)
Wall-clock time for ModelFinder: 0.926 seconds (0h:0m:0s)
Generating 1000 samples for ultrafast bootstrap (seed: 865917)...

NOTE: 1 MB RAM (0 GB) is required!
WARNING: Number of threads seems too high for short alignments. Use -T AUTO to determine best number of threads.
Estimate model parameters (epsilon = 0.100)
1. Initial log-likelihood: -2499.360
2. Current log-likelihood: -2440.617
3. Current log-likelihood: -2440.449
Optimal log-likelihood: -2440.449
Rate parameters:  A-C: 1.00000  A-G: 2.84030  A-T: 1.00000  C-G: 1.00000  C-T: 4.61751  G-T: 1.00000
Base frequencies:  A: 0.250  C: 0.250  G: 0.250  T: 0.250
Gamma shape alpha: 0.395
Parameters optimization took 3 rounds (0.014 sec)
Wrote distance file to... 
Computing ML distances based on estimated model parameters...
Calculating distance matrix: done in 0.00152321 secs using 523.8% CPU
Computing ML distances took 0.001585 sec (of wall-clock time) 0.008044 sec (of CPU time)
Setting up auxiliary I and S matrices: done in 6.6968e-05 secs using 951.2% CPU
Computing RapidNJ tree took 0.000322 sec (of wall-clock time) 0.000979 sec (of CPU time)
Log-likelihood of RapidNJ tree: -2454.512
--------------------------------------------------------------------
|             INITIALIZING CANDIDATE TREE SET                      |
--------------------------------------------------------------------
Generating 98 parsimony trees... 0.123 second
Computing log-likelihood of 98 initial trees ... 0.156 seconds
Current best score: -2439.219

Do NNI search on 20 best initial trees
Estimate model parameters (epsilon = 0.100)
BETTER TREE FOUND at iteration 1: -2438.700
Iteration 10 / LogL: -2440.056 / Time: 0h:0m:1s
Iteration 20 / LogL: -2440.529 / Time: 0h:0m:1s
Finish initializing candidate tree set (10)
Current best tree score: -2438.700 / CPU time: 0.666
Number of iterations: 20
--------------------------------------------------------------------
|               OPTIMIZING CANDIDATE TREE SET                      |
--------------------------------------------------------------------
Iteration 30 / LogL: -2438.701 / Time: 0h:0m:2s (0h:0m:2s left)
Iteration 40 / LogL: -2438.701 / Time: 0h:0m:2s (0h:0m:2s left)
Iteration 50 / LogL: -2439.120 / Time: 0h:0m:2s (0h:0m:2s left)
Log-likelihood cutoff on original alignment: -2465.151
BETTER TREE FOUND at iteration 54: -2438.700
Iteration 60 / LogL: -2439.122 / Time: 0h:0m:3s (0h:0m:3s left)
BETTER TREE FOUND at iteration 67: -2438.700
UPDATE BEST LOG-LIKELIHOOD: -2438.700
Iteration 70 / LogL: -2438.700 / Time: 0h:0m:3s (0h:0m:4s left)
UPDATE BEST LOG-LIKELIHOOD: -2438.700
UPDATE BEST LOG-LIKELIHOOD: -2438.700
Iteration 80 / LogL: -2438.700 / Time: 0h:0m:4s (0h:0m:3s left)
Iteration 90 / LogL: -2438.700 / Time: 0h:0m:4s (0h:0m:3s left)
UPDATE BEST LOG-LIKELIHOOD: -2438.700
Iteration 100 / LogL: -2439.121 / Time: 0h:0m:5s (0h:0m:2s left)
Log-likelihood cutoff on original alignment: -2466.549
NOTE: Bootstrap correlation coefficient of split occurrence frequencies: 0.998
Iteration 110 / LogL: -2438.702 / Time: 0h:0m:5s (0h:0m:3s left)
Iteration 120 / LogL: -2438.700 / Time: 0h:0m:5s (0h:0m:3s left)
Iteration 130 / LogL: -2438.700 / Time: 0h:0m:6s (0h:0m:2s left)
UPDATE BEST LOG-LIKELIHOOD: -2438.700
Iteration 140 / LogL: -2438.700 / Time: 0h:0m:6s (0h:0m:2s left)
Iteration 150 / LogL: -2438.700 / Time: 0h:0m:7s (0h:0m:2s left)
Log-likelihood cutoff on original alignment: -2467.045
Iteration 160 / LogL: -2439.122 / Time: 0h:0m:7s (0h:0m:1s left)
TREE SEARCH COMPLETED AFTER 168 ITERATIONS / Time: 0h:0m:8s

--------------------------------------------------------------------
|                    FINALIZING TREE SEARCH                        |
--------------------------------------------------------------------
Performs final model parameters optimization
Estimate model parameters (epsilon = 0.010)
1. Initial log-likelihood: -2438.700
Optimal log-likelihood: -2438.700
Rate parameters:  A-C: 1.00000  A-G: 2.92468  A-T: 1.00000  C-G: 1.00000  C-T: 4.65597  G-T: 1.00000
Base frequencies:  A: 0.250  C: 0.250  G: 0.250  T: 0.250
Gamma shape alpha: 0.393
Parameters optimization took 1 rounds (0.003 sec)
BEST SCORE FOUND : -2438.700

Testing tree branches by SH-like aLRT with 1000 replicates...
0.084 sec.
Creating bootstrap support values...
Split supports printed to NEXUS file /scratch/project_2004342/everything/paml_clean/FINAL_refseq_ftp_pipeline/12_species_tree_final/iqtree/NDUFB8.splits.nex
Total tree length: 0.546

Total number of iterations: 168
CPU time used for tree search: 26.780 sec (0h:0m:26s)
Wall-clock time used for tree search: 7.126 sec (0h:0m:7s)
Total CPU time used: 30.989 sec (0h:0m:30s)
Total wall-clock time used: 8.250 sec (0h:0m:8s)

Computing bootstrap consensus tree...
Reading input file /scratch/project_2004342/everything/paml_clean/FINAL_refseq_ftp_pipeline/12_species_tree_final/iqtree/NDUFB8.splits.nex...
30 taxa and 183 splits.
Consensus tree written to /scratch/project_2004342/everything/paml_clean/FINAL_refseq_ftp_pipeline/12_species_tree_final/iqtree/NDUFB8.contree
Reading input trees file /scratch/project_2004342/everything/paml_clean/FINAL_refseq_ftp_pipeline/12_species_tree_final/iqtree/NDUFB8.contree
Log-likelihood of consensus tree: -2439.122

Analysis results written to: 
  IQ-TREE report:                /scratch/project_2004342/everything/paml_clean/FINAL_refseq_ftp_pipeline/12_species_tree_final/iqtree/NDUFB8.iqtree
  Maximum-likelihood tree:       /scratch/project_2004342/everything/paml_clean/FINAL_refseq_ftp_pipeline/12_species_tree_final/iqtree/NDUFB8.treefile
  Likelihood distances:          /scratch/project_2004342/everything/paml_clean/FINAL_refseq_ftp_pipeline/12_species_tree_final/iqtree/NDUFB8.mldist

Ultrafast bootstrap approximation results written to:
  Split support values:          /scratch/project_2004342/everything/paml_clean/FINAL_refseq_ftp_pipeline/12_species_tree_final/iqtree/NDUFB8.splits.nex
  Consensus tree:                /scratch/project_2004342/everything/paml_clean/FINAL_refseq_ftp_pipeline/12_species_tree_final/iqtree/NDUFB8.contree
  Screen log file:               /scratch/project_2004342/everything/paml_clean/FINAL_refseq_ftp_pipeline/12_species_tree_final/iqtree/NDUFB8.log

Date and Time: Fri Jul 24 01:37:27 2026
