IQ-TREE multicore version 2.3.6 for Linux x86 64-bit built Aug  1 2024
Developed by Bui Quang Minh, Nguyen Lam Tung, Olga Chernomor, Heiko Schmidt,
Dominik Schrempf, Michael Woodhams, Ly Trong Nhan, Thomas Wong

Host:    r18c32.bullx (AVX512, FMA3, 187 GB RAM)
Command: iqtree2 -s /scratch/project_2004342/everything/paml_clean/FINAL_refseq_ftp_pipeline/11_codon_alignments_gblocks_final/species_fasta_by_gene/NDUFS2/NDUFS2.codon.gblocks.species.fasta -pre /scratch/project_2004342/everything/paml_clean/FINAL_refseq_ftp_pipeline/12_species_tree_final/iqtree/NDUFS2 -m MFP -B 1000 -alrt 1000 -nt 4 --redo
Seed:    902923 (Using SPRNG - Scalable Parallel Random Number Generator)
Time:    Fri Jul 24 01:37:18 2026
Kernel:  AVX+FMA - 4 threads (4 CPU cores detected)

Reading alignment file /scratch/project_2004342/everything/paml_clean/FINAL_refseq_ftp_pipeline/11_codon_alignments_gblocks_final/species_fasta_by_gene/NDUFS2/NDUFS2.codon.gblocks.species.fasta ... Fasta format detected
Reading fasta file: done in 0.000658127 secs using 24.77% CPU
Alignment most likely contains DNA/RNA sequences
Alignment has 30 sequences with 1395 columns, 383 distinct patterns
329 parsimony-informative, 120 singleton sites, 946 constant sites
                           Gap/Ambiguity  Composition  p-value
Analyzing sequences: done in 2.34561e-05 secs using 42.63% CPU
   1  Artibeus_jamaicensis         0.43%    passed     36.90%
   2  Cnephaeus_nilssonii          0.43%    passed     99.17%
   3  Desmodus_rotundus            0.43%    passed     31.96%
   4  Eptesicus_fuscus             0.43%    passed     97.73%
   5  Hipposideros_armiger         0.43%    passed     96.18%
   6  Miniopterus_natalensis       0.43%    passed     41.74%
   7  Miniopterus_schreibersii     0.43%    passed     45.79%
   8  Molossus_molossus            0.43%    passed     99.53%
   9  Myotis_brandtii              0.00%    passed     74.06%
  10  Myotis_daubentonii           0.43%    passed     96.22%
  11  Myotis_davidii              11.40%    passed     20.93%
  12  Myotis_lucifugus             0.00%    passed     77.35%
  13  Myotis_myotis                0.43%    passed     85.83%
  14  Myotis_nattereri             0.43%    passed     89.32%
  15  Myotis_yumanensis            0.43%    passed     87.36%
  16  Phyllostomus_discolor        0.43%    failed      2.02%
  17  Phyllostomus_hastatus        0.43%    failed      4.25%
  18  Pipistrellus_kuhlii          0.43%    passed     93.87%
  19  Plecotus_auritus             0.43%    passed     68.45%
  20  Pteronotus_mesoamericanus    0.43%    passed      9.52%
  21  Pteropus_alecto              0.43%    passed     99.91%
  22  Pteropus_medius              0.43%    passed     99.76%
  23  Pteropus_vampyrus            0.43%    passed     99.64%
  24  Rhinolophus_ferrumequinum    0.65%    passed     91.55%
  25  Rhinolophus_hipposideros     0.43%    passed     91.78%
  26  Rhinolophus_sinicus          0.43%    passed     90.45%
  27  Rousettus_aegyptiacus        0.43%    passed     96.79%
  28  Saccopteryx_bilineata        0.43%    passed     19.21%
  29  Saccopteryx_leptura          0.43%    passed     23.28%
  30  Sturnira_hondurensis         0.43%    passed     47.91%
****  TOTAL                        0.77%  2 sequences failed composition chi2 test (p-value<5%; df=3)


Create initial parsimony tree by phylogenetic likelihood library (PLL)... 0.002 seconds
WARNING: Number of threads seems too high for short alignments. Use -T AUTO to determine best number of threads.
Perform fast likelihood tree search using GTR+I+G model...
Estimate model parameters (epsilon = 5.000)
Perform nearest neighbor interchange...
Estimate model parameters (epsilon = 1.000)
1. Initial log-likelihood: -7170.007
Optimal log-likelihood: -7169.860
Rate parameters:  A-C: 0.90546  A-G: 3.08100  A-T: 0.37300  C-G: 1.02961  C-T: 5.95510  G-T: 1.00000
Base frequencies:  A: 0.209  C: 0.268  G: 0.316  T: 0.207
Proportion of invariable sites: 0.345
Gamma shape alpha: 0.570
Parameters optimization took 1 rounds (0.021 sec)
Time for fast ML tree search: 0.119 seconds

NOTE: ModelFinder requires 5 MB RAM!
ModelFinder will test up to 484 DNA models (sample size: 1395 epsilon: 0.100) ...
 No. Model         -LnL         df  AIC          AICc         BIC
WARNING: Number of threads seems too high for short alignments. Use -T AUTO to determine best number of threads.
  1  GTR+F         7567.568     65  15265.136    15271.592    15605.779
WARNING: Number of threads seems too high for short alignments. Use -T AUTO to determine best number of threads.
  2  GTR+F+I       7194.993     66  14521.986    14528.645    14867.869
WARNING: Number of threads seems too high for short alignments. Use -T AUTO to determine best number of threads.
  3  GTR+F+G4      7173.769     66  14479.537    14486.197    14825.420
WARNING: Number of threads seems too high for short alignments. Use -T AUTO to determine best number of threads.
  4  GTR+F+I+G4    7169.823     67  14473.647    14480.514    14824.770
WARNING: Number of threads seems too high for short alignments. Use -T AUTO to determine best number of threads.
  5  GTR+F+R2      7175.324     67  14484.648    14491.514    14835.771
WARNING: Number of threads seems too high for short alignments. Use -T AUTO to determine best number of threads.
  6  GTR+F+R3      7174.235     69  14486.471    14493.761    14848.076
WARNING: Number of threads seems too high for short alignments. Use -T AUTO to determine best number of threads.
 14  GTR+F+I+R2    7173.744     68  14483.488    14490.565    14839.852
WARNING: Number of threads seems too high for short alignments. Use -T AUTO to determine best number of threads.
 15  GTR+F+I+R3    7166.367     70  14472.733    14480.241    14839.579
WARNING: Number of threads seems too high for short alignments. Use -T AUTO to determine best number of threads.
 16  GTR+F+I+R4    7165.880     72  14475.759    14483.711    14853.086
WARNING: Number of threads seems too high for short alignments. Use -T AUTO to determine best number of threads.
 25  SYM+G4        7210.560     63  14547.120    14553.179    14877.281
WARNING: Number of threads seems too high for short alignments. Use -T AUTO to determine best number of threads.
 26  SYM+I+G4      7204.559     64  14537.118    14543.373    14872.519
WARNING: Number of threads seems too high for short alignments. Use -T AUTO to determine best number of threads.
 47  TVM+F+G4      7192.475     65  14514.949    14521.405    14855.591
WARNING: Number of threads seems too high for short alignments. Use -T AUTO to determine best number of threads.
 48  TVM+F+I+G4    7189.759     66  14511.517    14518.177    14857.400
WARNING: Number of threads seems too high for short alignments. Use -T AUTO to determine best number of threads.
 69  TVMe+G4       7225.751     62  14575.502    14581.366    14900.422
WARNING: Number of threads seems too high for short alignments. Use -T AUTO to determine best number of threads.
 70  TVMe+I+G4     7219.986     63  14565.973    14572.031    14896.134
WARNING: Number of threads seems too high for short alignments. Use -T AUTO to determine best number of threads.
 91  TIM3+F+G4     7181.015     64  14490.030    14496.286    14825.431
WARNING: Number of threads seems too high for short alignments. Use -T AUTO to determine best number of threads.
 92  TIM3+F+I+G4   7177.265     65  14484.531    14490.987    14825.173
WARNING: Number of threads seems too high for short alignments. Use -T AUTO to determine best number of threads.
113  TIM3e+G4      7227.668     61  14577.337    14583.011    14897.017
WARNING: Number of threads seems too high for short alignments. Use -T AUTO to determine best number of threads.
114  TIM3e+I+G4    7222.195     62  14568.391    14574.256    14893.311
WARNING: Number of threads seems too high for short alignments. Use -T AUTO to determine best number of threads.
135  TIM2+F+G4     7178.319     64  14484.638    14490.893    14820.039
WARNING: Number of threads seems too high for short alignments. Use -T AUTO to determine best number of threads.
136  TIM2+F+I+G4   7174.340     65  14478.680    14485.136    14819.323
WARNING: Number of threads seems too high for short alignments. Use -T AUTO to determine best number of threads.
157  TIM2e+G4      7219.014     61  14560.027    14565.702    14879.707
WARNING: Number of threads seems too high for short alignments. Use -T AUTO to determine best number of threads.
158  TIM2e+I+G4    7213.514     62  14551.029    14556.894    14875.949
WARNING: Number of threads seems too high for short alignments. Use -T AUTO to determine best number of threads.
179  TIM+F+G4      7181.781     64  14491.562    14497.818    14826.964
WARNING: Number of threads seems too high for short alignments. Use -T AUTO to determine best number of threads.
180  TIM+F+I+G4    7178.157     65  14486.314    14492.769    14826.956
WARNING: Number of threads seems too high for short alignments. Use -T AUTO to determine best number of threads.
201  TIMe+G4       7233.087     61  14588.175    14593.849    14907.854
WARNING: Number of threads seems too high for short alignments. Use -T AUTO to determine best number of threads.
202  TIMe+I+G4     7228.156     62  14580.312    14586.176    14905.232
WARNING: Number of threads seems too high for short alignments. Use -T AUTO to determine best number of threads.
223  TPM3u+F+G4    7199.529     63  14525.058    14531.117    14855.219
WARNING: Number of threads seems too high for short alignments. Use -T AUTO to determine best number of threads.
224  TPM3u+F+I+G4  7197.154     64  14522.308    14528.563    14857.709
WARNING: Number of threads seems too high for short alignments. Use -T AUTO to determine best number of threads.
245  TPM3+G4       7243.818     60  14607.636    14613.123    14922.075
WARNING: Number of threads seems too high for short alignments. Use -T AUTO to determine best number of threads.
246  TPM3+I+G4     7238.883     61  14599.766    14605.441    14919.446
WARNING: Number of threads seems too high for short alignments. Use -T AUTO to determine best number of threads.
267  TPM2u+F+G4    7196.808     63  14519.616    14525.675    14849.777
WARNING: Number of threads seems too high for short alignments. Use -T AUTO to determine best number of threads.
268  TPM2u+F+I+G4  7194.330     64  14516.659    14522.915    14852.061
WARNING: Number of threads seems too high for short alignments. Use -T AUTO to determine best number of threads.
289  TPM2+G4       7233.425     60  14586.849    14592.336    14901.288
WARNING: Number of threads seems too high for short alignments. Use -T AUTO to determine best number of threads.
290  TPM2+I+G4     7228.369     61  14578.739    14584.413    14898.418
WARNING: Number of threads seems too high for short alignments. Use -T AUTO to determine best number of threads.
311  K3Pu+F+G4     7200.170     63  14526.339    14532.398    14856.500
WARNING: Number of threads seems too high for short alignments. Use -T AUTO to determine best number of threads.
312  K3Pu+F+I+G4   7198.234     64  14524.467    14530.723    14859.869
WARNING: Number of threads seems too high for short alignments. Use -T AUTO to determine best number of threads.
333  K3P+G4        7248.554     60  14617.107    14622.594    14931.546
WARNING: Number of threads seems too high for short alignments. Use -T AUTO to determine best number of threads.
334  K3P+I+G4      7244.403     61  14610.806    14616.480    14930.485
WARNING: Number of threads seems too high for short alignments. Use -T AUTO to determine best number of threads.
355  TN+F+G4       7182.375     63  14490.750    14496.808    14820.910
WARNING: Number of threads seems too high for short alignments. Use -T AUTO to determine best number of threads.
356  TN+F+I+G4     7178.468     64  14484.935    14491.191    14820.337
WARNING: Number of threads seems too high for short alignments. Use -T AUTO to determine best number of threads.
377  TNe+G4        7233.130     60  14586.260    14591.748    14900.699
WARNING: Number of threads seems too high for short alignments. Use -T AUTO to determine best number of threads.
378  TNe+I+G4      7228.034     61  14578.069    14583.743    14897.748
WARNING: Number of threads seems too high for short alignments. Use -T AUTO to determine best number of threads.
399  HKY+F+G4      7200.762     62  14525.523    14531.388    14850.444
WARNING: Number of threads seems too high for short alignments. Use -T AUTO to determine best number of threads.
400  HKY+F+I+G4    7198.674     63  14523.348    14529.407    14853.509
WARNING: Number of threads seems too high for short alignments. Use -T AUTO to determine best number of threads.
421  K2P+G4        7248.589     59  14615.177    14620.481    14924.376
WARNING: Number of threads seems too high for short alignments. Use -T AUTO to determine best number of threads.
422  K2P+I+G4      7244.389     60  14608.777    14614.264    14923.216
WARNING: Number of threads seems too high for short alignments. Use -T AUTO to determine best number of threads.
443  F81+F+G4      7481.528     61  15085.057    15090.731    15404.737
WARNING: Number of threads seems too high for short alignments. Use -T AUTO to determine best number of threads.
444  F81+F+I+G4    7479.349     62  15082.698    15088.562    15407.618
WARNING: Number of threads seems too high for short alignments. Use -T AUTO to determine best number of threads.
465  JC+G4         7508.094     58  15132.188    15137.311    15436.146
WARNING: Number of threads seems too high for short alignments. Use -T AUTO to determine best number of threads.
466  JC+I+G4       7504.857     59  15127.713    15133.016    15436.911
Akaike Information Criterion:           GTR+F+I+R3
Corrected Akaike Information Criterion: GTR+F+I+R3
Bayesian Information Criterion:         TIM2+F+I+G4
Best-fit model: TIM2+F+I+G4 chosen according to BIC

All model information printed to /scratch/project_2004342/everything/paml_clean/FINAL_refseq_ftp_pipeline/12_species_tree_final/iqtree/NDUFS2.model.gz
CPU time for ModelFinder: 8.895 seconds (0h:0m:8s)
Wall-clock time for ModelFinder: 2.248 seconds (0h:0m:2s)
Generating 1000 samples for ultrafast bootstrap (seed: 902923)...

NOTE: 2 MB RAM (0 GB) is required!
WARNING: Number of threads seems too high for short alignments. Use -T AUTO to determine best number of threads.
Estimate model parameters (epsilon = 0.100)
Thoroughly optimizing +I+G parameters from 10 start values...
Init pinv, alpha: 0.000, 0.689 / Estimate: 0.000, 0.244 / LogL: -7178.322
Init pinv, alpha: 0.075, 0.689 / Estimate: 0.078, 0.283 / LogL: -7177.355
Init pinv, alpha: 0.151, 0.689 / Estimate: 0.156, 0.337 / LogL: -7176.551
Init pinv, alpha: 0.226, 0.689 / Estimate: 0.238, 0.414 / LogL: -7175.765
Init pinv, alpha: 0.301, 0.689 / Estimate: 0.306, 0.502 / LogL: -7175.051
Init pinv, alpha: 0.377, 0.689 / Estimate: 0.378, 0.643 / LogL: -7174.182
Init pinv, alpha: 0.452, 0.689 / Estimate: 0.457, 0.903 / LogL: -7173.198
Init pinv, alpha: 0.527, 0.689 / Estimate: 0.509, 1.216 / LogL: -7172.828
Init pinv, alpha: 0.603, 0.689 / Estimate: 0.550, 1.642 / LogL: -7173.225
Init pinv, alpha: 0.678, 0.689 / Estimate: 0.547, 1.608 / LogL: -7173.166
Optimal pinv,alpha: 0.509, 1.216 / LogL: -7172.828

Parameters optimization took 0.698 sec
Wrote distance file to... 
Computing ML distances based on estimated model parameters...
Calculating distance matrix: done in 0.0016729 secs using 565% CPU
Computing ML distances took 0.001771 sec (of wall-clock time) 0.009555 sec (of CPU time)
Setting up auxiliary I and S matrices: done in 6.42639e-05 secs using 126% CPU
Computing RapidNJ tree took 0.000352 sec (of wall-clock time) 0.001856 sec (of CPU time)
Log-likelihood of RapidNJ tree: -7191.197
--------------------------------------------------------------------
|             INITIALIZING CANDIDATE TREE SET                      |
--------------------------------------------------------------------
Generating 98 parsimony trees... 0.262 second
Computing log-likelihood of 98 initial trees ... 0.380 seconds
Current best score: -7172.828

Do NNI search on 20 best initial trees
Estimate model parameters (epsilon = 0.100)
BETTER TREE FOUND at iteration 1: -7172.827
Iteration 10 / LogL: -7172.862 / Time: 0h:0m:4s
Iteration 20 / LogL: -7172.854 / Time: 0h:0m:4s
Finish initializing candidate tree set (2)
Current best tree score: -7172.827 / CPU time: 1.794
Number of iterations: 20
--------------------------------------------------------------------
|               OPTIMIZING CANDIDATE TREE SET                      |
--------------------------------------------------------------------
Iteration 30 / LogL: -7181.759 / Time: 0h:0m:5s (0h:0m:8s left)
Iteration 40 / LogL: -7177.070 / Time: 0h:0m:6s (0h:0m:6s left)
Iteration 50 / LogL: -7172.905 / Time: 0h:0m:7s (0h:0m:4s left)
Log-likelihood cutoff on original alignment: -7208.530
Iteration 60 / LogL: -7172.856 / Time: 0h:0m:7s (0h:0m:3s left)
Iteration 70 / LogL: -7172.926 / Time: 0h:0m:8s (0h:0m:2s left)
Iteration 80 / LogL: -7172.924 / Time: 0h:0m:9s (0h:0m:1s left)
Iteration 90 / LogL: -7179.922 / Time: 0h:0m:9s (0h:0m:0s left)
Iteration 100 / LogL: -7172.842 / Time: 0h:0m:10s (0h:0m:0s left)
Log-likelihood cutoff on original alignment: -7208.530
NOTE: Bootstrap correlation coefficient of split occurrence frequencies: 1.000
TREE SEARCH COMPLETED AFTER 102 ITERATIONS / Time: 0h:0m:10s

--------------------------------------------------------------------
|                    FINALIZING TREE SEARCH                        |
--------------------------------------------------------------------
Performs final model parameters optimization
Estimate model parameters (epsilon = 0.010)
1. Initial log-likelihood: -7172.827
Optimal log-likelihood: -7172.827
Rate parameters:  A-C: 0.66873  A-G: 3.02436  A-T: 0.66873  C-G: 1.00000  C-T: 5.94678  G-T: 1.00000
Base frequencies:  A: 0.209  C: 0.268  G: 0.316  T: 0.207
Proportion of invariable sites: 0.509
Gamma shape alpha: 1.218
Parameters optimization took 1 rounds (0.007 sec)
BEST SCORE FOUND : -7172.827

Testing tree branches by SH-like aLRT with 1000 replicates...
0.207 sec.
Creating bootstrap support values...
Split supports printed to NEXUS file /scratch/project_2004342/everything/paml_clean/FINAL_refseq_ftp_pipeline/12_species_tree_final/iqtree/NDUFS2.splits.nex
Total tree length: 0.856

Total number of iterations: 102
CPU time used for tree search: 28.894 sec (0h:0m:28s)
Wall-clock time used for tree search: 7.652 sec (0h:0m:7s)
Total CPU time used: 41.948 sec (0h:0m:41s)
Total wall-clock time used: 11.016 sec (0h:0m:11s)

Computing bootstrap consensus tree...
Reading input file /scratch/project_2004342/everything/paml_clean/FINAL_refseq_ftp_pipeline/12_species_tree_final/iqtree/NDUFS2.splits.nex...
30 taxa and 114 splits.
Consensus tree written to /scratch/project_2004342/everything/paml_clean/FINAL_refseq_ftp_pipeline/12_species_tree_final/iqtree/NDUFS2.contree
Reading input trees file /scratch/project_2004342/everything/paml_clean/FINAL_refseq_ftp_pipeline/12_species_tree_final/iqtree/NDUFS2.contree
Log-likelihood of consensus tree: -7172.831

Analysis results written to: 
  IQ-TREE report:                /scratch/project_2004342/everything/paml_clean/FINAL_refseq_ftp_pipeline/12_species_tree_final/iqtree/NDUFS2.iqtree
  Maximum-likelihood tree:       /scratch/project_2004342/everything/paml_clean/FINAL_refseq_ftp_pipeline/12_species_tree_final/iqtree/NDUFS2.treefile
  Likelihood distances:          /scratch/project_2004342/everything/paml_clean/FINAL_refseq_ftp_pipeline/12_species_tree_final/iqtree/NDUFS2.mldist

Ultrafast bootstrap approximation results written to:
  Split support values:          /scratch/project_2004342/everything/paml_clean/FINAL_refseq_ftp_pipeline/12_species_tree_final/iqtree/NDUFS2.splits.nex
  Consensus tree:                /scratch/project_2004342/everything/paml_clean/FINAL_refseq_ftp_pipeline/12_species_tree_final/iqtree/NDUFS2.contree
  Screen log file:               /scratch/project_2004342/everything/paml_clean/FINAL_refseq_ftp_pipeline/12_species_tree_final/iqtree/NDUFS2.log

Date and Time: Fri Jul 24 01:37:29 2026
