IQ-TREE multicore version 2.3.6 for Linux x86 64-bit built Aug  1 2024
Developed by Bui Quang Minh, Nguyen Lam Tung, Olga Chernomor, Heiko Schmidt,
Dominik Schrempf, Michael Woodhams, Ly Trong Nhan, Thomas Wong

Host:    r03c03.bullx (AVX512, FMA3, 187 GB RAM)
Command: iqtree2 -s /scratch/project_2004342/everything/paml_clean/FINAL_refseq_ftp_pipeline/11_codon_alignments_gblocks_final/species_fasta_by_gene/PPARGC1A/PPARGC1A.codon.gblocks.species.fasta -pre /scratch/project_2004342/everything/paml_clean/FINAL_refseq_ftp_pipeline/12_species_tree_final/iqtree/PPARGC1A -m MFP -B 1000 -alrt 1000 -nt 4 --redo
Seed:    992782 (Using SPRNG - Scalable Parallel Random Number Generator)
Time:    Fri Jul 24 01:37:27 2026
Kernel:  AVX+FMA - 4 threads (4 CPU cores detected)

Reading alignment file /scratch/project_2004342/everything/paml_clean/FINAL_refseq_ftp_pipeline/11_codon_alignments_gblocks_final/species_fasta_by_gene/PPARGC1A/PPARGC1A.codon.gblocks.species.fasta ... Fasta format detected
Reading fasta file: done in 0.00112249 secs using 96.84% CPU
Alignment most likely contains DNA/RNA sequences
Alignment has 30 sequences with 2391 columns, 279 distinct patterns
256 parsimony-informative, 148 singleton sites, 1987 constant sites
                           Gap/Ambiguity  Composition  p-value
Analyzing sequences: done in 1.88879e-05 secs using 58.24% CPU
   1  Artibeus_jamaicensis         0.13%    passed     99.77%
   2  Cnephaeus_nilssonii          0.13%    passed     98.12%
   3  Desmodus_rotundus            0.13%    passed     99.89%
   4  Eptesicus_fuscus             0.13%    passed     98.91%
   5  Hipposideros_armiger         0.13%    passed     88.55%
   6  Miniopterus_natalensis       0.13%    passed     37.13%
   7  Miniopterus_schreibersii     0.13%    passed     35.77%
   8  Molossus_molossus            0.13%    passed     11.24%
   9  Myotis_brandtii              0.13%    passed     99.74%
  10  Myotis_daubentonii           0.13%    passed     99.99%
  11  Myotis_davidii               0.13%    passed     99.99%
  12  Myotis_lucifugus             0.13%    passed     99.87%
  13  Myotis_myotis                0.13%    passed     99.94%
  14  Myotis_nattereri             0.00%    passed     99.37%
  15  Myotis_yumanensis            0.13%    passed     99.99%
  16  Phyllostomus_discolor        0.13%    passed     92.00%
  17  Phyllostomus_hastatus        0.13%    passed     90.91%
  18  Pipistrellus_kuhlii          0.13%    passed     88.07%
  19  Plecotus_auritus             0.13%    passed     98.91%
  20  Pteronotus_mesoamericanus    0.13%    passed     93.21%
  21  Pteropus_alecto              0.13%    passed     73.31%
  22  Pteropus_medius              0.13%    passed     77.56%
  23  Pteropus_vampyrus            0.13%    passed     73.10%
  24  Rhinolophus_ferrumequinum    0.13%    passed     81.20%
  25  Rhinolophus_hipposideros     0.13%    passed     81.31%
  26  Rhinolophus_sinicus          0.13%    passed     85.45%
  27  Rousettus_aegyptiacus        0.13%    passed     85.86%
  28  Saccopteryx_bilineata        0.13%    passed     73.44%
  29  Saccopteryx_leptura          0.13%    passed     85.35%
  30  Sturnira_hondurensis         0.13%    passed     99.99%
****  TOTAL                        0.12%  0 sequences failed composition chi2 test (p-value<5%; df=3)


Create initial parsimony tree by phylogenetic likelihood library (PLL)... 0.001 seconds
WARNING: Number of threads seems too high for short alignments. Use -T AUTO to determine best number of threads.
Perform fast likelihood tree search using GTR+I+G model...
Estimate model parameters (epsilon = 5.000)
Perform nearest neighbor interchange...
Estimate model parameters (epsilon = 1.000)
1. Initial log-likelihood: -7186.815
Optimal log-likelihood: -7186.702
Rate parameters:  A-C: 1.47114  A-G: 6.21494  A-T: 0.31913  C-G: 1.11806  C-T: 8.04386  G-T: 1.00000
Base frequencies:  A: 0.295  C: 0.260  G: 0.228  T: 0.217
Proportion of invariable sites: 0.422
Gamma shape alpha: 0.384
Parameters optimization took 1 rounds (0.009 sec)
Time for fast ML tree search: 0.089 seconds

NOTE: ModelFinder requires 3 MB RAM!
ModelFinder will test up to 484 DNA models (sample size: 2391 epsilon: 0.100) ...
 No. Model         -LnL         df  AIC          AICc         BIC
WARNING: Number of threads seems too high for short alignments. Use -T AUTO to determine best number of threads.
  1  GTR+F         7414.596     65  14959.192    14962.883    15334.858
WARNING: Number of threads seems too high for short alignments. Use -T AUTO to determine best number of threads.
  2  GTR+F+I       7203.703     66  14539.405    14543.211    14920.850
WARNING: Number of threads seems too high for short alignments. Use -T AUTO to determine best number of threads.
  3  GTR+F+G4      7201.560     66  14535.121    14538.926    14916.566
WARNING: Number of threads seems too high for short alignments. Use -T AUTO to determine best number of threads.
  4  GTR+F+I+G4    7186.574     67  14507.148    14511.071    14894.372
WARNING: Number of threads seems too high for short alignments. Use -T AUTO to determine best number of threads.
  5  GTR+F+R2      7171.994     67  14477.988    14481.910    14865.212
WARNING: Number of threads seems too high for short alignments. Use -T AUTO to determine best number of threads.
  6  GTR+F+R3      7171.606     69  14481.211    14485.373    14879.995
WARNING: Number of threads seems too high for short alignments. Use -T AUTO to determine best number of threads.
 14  GTR+F+I+R2    7170.087     68  14476.174    14480.215    14869.177
WARNING: Number of threads seems too high for short alignments. Use -T AUTO to determine best number of threads.
 15  GTR+F+I+R3    7169.544     70  14479.088    14483.373    14883.651
WARNING: Number of threads seems too high for short alignments. Use -T AUTO to determine best number of threads.
 27  SYM+R2        7188.227     64  14504.455    14508.032    14874.341
WARNING: Number of threads seems too high for short alignments. Use -T AUTO to determine best number of threads.
 36  SYM+I+R2      7187.091     65  14504.182    14507.872    14879.847
WARNING: Number of threads seems too high for short alignments. Use -T AUTO to determine best number of threads.
 49  TVM+F+R2      7175.925     66  14483.849    14487.655    14865.294
WARNING: Number of threads seems too high for short alignments. Use -T AUTO to determine best number of threads.
 58  TVM+F+I+R2    7173.686     67  14481.373    14485.295    14868.597
WARNING: Number of threads seems too high for short alignments. Use -T AUTO to determine best number of threads.
 71  TVMe+R2       7190.514     63  14507.028    14510.493    14871.134
WARNING: Number of threads seems too high for short alignments. Use -T AUTO to determine best number of threads.
 80  TVMe+I+R2     7189.151     64  14506.303    14509.880    14876.189
WARNING: Number of threads seems too high for short alignments. Use -T AUTO to determine best number of threads.
 93  TIM3+F+R2     7177.464     65  14484.929    14488.619    14860.594
WARNING: Number of threads seems too high for short alignments. Use -T AUTO to determine best number of threads.
102  TIM3+F+I+R2   7175.427     66  14482.853    14486.659    14864.298
WARNING: Number of threads seems too high for short alignments. Use -T AUTO to determine best number of threads.
115  TIM3e+R2      7193.437     62  14510.875    14514.231    14869.202
WARNING: Number of threads seems too high for short alignments. Use -T AUTO to determine best number of threads.
124  TIM3e+I+R2    7192.139     63  14510.278    14513.743    14874.384
WARNING: Number of threads seems too high for short alignments. Use -T AUTO to determine best number of threads.
137  TIM2+F+R2     7186.894     65  14503.789    14507.479    14879.454
WARNING: Number of threads seems too high for short alignments. Use -T AUTO to determine best number of threads.
146  TIM2+F+I+R2   7184.302     66  14500.604    14504.409    14882.049
WARNING: Number of threads seems too high for short alignments. Use -T AUTO to determine best number of threads.
159  TIM2e+R2      7206.750     62  14537.500    14540.855    14895.827
WARNING: Number of threads seems too high for short alignments. Use -T AUTO to determine best number of threads.
168  TIM2e+I+R2    7205.007     63  14536.014    14539.480    14900.121
WARNING: Number of threads seems too high for short alignments. Use -T AUTO to determine best number of threads.
181  TIM+F+R2      7180.926     65  14491.852    14495.542    14867.517
WARNING: Number of threads seems too high for short alignments. Use -T AUTO to determine best number of threads.
190  TIM+F+I+R2    7178.693     66  14489.386    14493.192    14870.831
WARNING: Number of threads seems too high for short alignments. Use -T AUTO to determine best number of threads.
203  TIMe+R2       7200.278     62  14524.557    14527.913    14882.884
WARNING: Number of threads seems too high for short alignments. Use -T AUTO to determine best number of threads.
212  TIMe+I+R2     7198.707     63  14523.414    14526.879    14887.520
WARNING: Number of threads seems too high for short alignments. Use -T AUTO to determine best number of threads.
225  TPM3u+F+R2    7181.440     64  14490.880    14494.456    14860.765
WARNING: Number of threads seems too high for short alignments. Use -T AUTO to determine best number of threads.
234  TPM3u+F+I+R2  7178.994     65  14487.988    14491.678    14863.653
WARNING: Number of threads seems too high for short alignments. Use -T AUTO to determine best number of threads.
247  TPM3+R2       7195.782     61  14513.564    14516.812    14866.111
WARNING: Number of threads seems too high for short alignments. Use -T AUTO to determine best number of threads.
256  TPM3+I+R2     7194.211     62  14512.422    14515.778    14870.749
WARNING: Number of threads seems too high for short alignments. Use -T AUTO to determine best number of threads.
269  TPM2u+F+R2    7191.217     64  14510.434    14514.011    14880.320
WARNING: Number of threads seems too high for short alignments. Use -T AUTO to determine best number of threads.
278  TPM2u+F+I+R2  7188.371     65  14506.741    14510.432    14882.407
WARNING: Number of threads seems too high for short alignments. Use -T AUTO to determine best number of threads.
291  TPM2+R2       7209.252     61  14540.505    14543.752    14893.052
WARNING: Number of threads seems too high for short alignments. Use -T AUTO to determine best number of threads.
300  TPM2+I+R2     7207.343     62  14538.686    14542.042    14897.013
WARNING: Number of threads seems too high for short alignments. Use -T AUTO to determine best number of threads.
313  K3Pu+F+R2     7185.110     64  14498.220    14501.797    14868.105
WARNING: Number of threads seems too high for short alignments. Use -T AUTO to determine best number of threads.
322  K3Pu+F+I+R2   7182.648     65  14495.296    14498.986    14870.961
WARNING: Number of threads seems too high for short alignments. Use -T AUTO to determine best number of threads.
335  K3P+R2        7202.736     61  14527.471    14530.719    14880.019
WARNING: Number of threads seems too high for short alignments. Use -T AUTO to determine best number of threads.
344  K3P+I+R2      7200.990     62  14525.981    14529.337    14884.308
WARNING: Number of threads seems too high for short alignments. Use -T AUTO to determine best number of threads.
357  TN+F+R2       7187.153     64  14502.306    14505.883    14872.192
WARNING: Number of threads seems too high for short alignments. Use -T AUTO to determine best number of threads.
366  TN+F+I+R2     7184.529     65  14499.058    14502.748    14874.723
WARNING: Number of threads seems too high for short alignments. Use -T AUTO to determine best number of threads.
379  TNe+R2        7206.791     61  14535.582    14538.830    14888.130
WARNING: Number of threads seems too high for short alignments. Use -T AUTO to determine best number of threads.
388  TNe+I+R2      7204.956     62  14533.911    14537.267    14892.238
WARNING: Number of threads seems too high for short alignments. Use -T AUTO to determine best number of threads.
401  HKY+F+R2      7191.459     63  14508.919    14512.384    14873.025
WARNING: Number of threads seems too high for short alignments. Use -T AUTO to determine best number of threads.
410  HKY+F+I+R2    7188.617     64  14505.234    14508.810    14875.119
WARNING: Number of threads seems too high for short alignments. Use -T AUTO to determine best number of threads.
423  K2P+R2        7209.312     60  14538.623    14541.765    14885.391
WARNING: Number of threads seems too high for short alignments. Use -T AUTO to determine best number of threads.
432  K2P+I+R2      7207.312     61  14536.624    14539.872    14889.172
WARNING: Number of threads seems too high for short alignments. Use -T AUTO to determine best number of threads.
445  F81+F+R2      7457.305     62  15038.610    15041.965    15396.937
WARNING: Number of threads seems too high for short alignments. Use -T AUTO to determine best number of threads.
454  F81+F+I+R2    7456.065     63  15038.130    15041.596    15402.237
WARNING: Number of threads seems too high for short alignments. Use -T AUTO to determine best number of threads.
467  JC+R2         7473.087     59  15064.173    15067.211    15405.162
WARNING: Number of threads seems too high for short alignments. Use -T AUTO to determine best number of threads.
476  JC+I+R2       7472.094     60  15064.188    15067.330    15410.956
Akaike Information Criterion:           GTR+F+I+R2
Corrected Akaike Information Criterion: GTR+F+I+R2
Bayesian Information Criterion:         TIM3+F+R2
Best-fit model: TIM3+F+R2 chosen according to BIC

All model information printed to /scratch/project_2004342/everything/paml_clean/FINAL_refseq_ftp_pipeline/12_species_tree_final/iqtree/PPARGC1A.model.gz
CPU time for ModelFinder: 5.245 seconds (0h:0m:5s)
Wall-clock time for ModelFinder: 1.328 seconds (0h:0m:1s)
Generating 1000 samples for ultrafast bootstrap (seed: 992782)...

NOTE: 1 MB RAM (0 GB) is required!
WARNING: Number of threads seems too high for short alignments. Use -T AUTO to determine best number of threads.
Estimate model parameters (epsilon = 0.100)
1. Initial log-likelihood: -7457.341
2. Current log-likelihood: -7283.153
3. Current log-likelihood: -7177.935
4. Current log-likelihood: -7177.491
Optimal log-likelihood: -7177.477
Rate parameters:  A-C: 2.39039  A-G: 10.68114  A-T: 1.00000  C-G: 2.39039  C-T: 14.88589  G-T: 1.00000
Base frequencies:  A: 0.295  C: 0.260  G: 0.228  T: 0.217
Site proportion and rates:  (0.921,0.370) (0.079,8.369)
Parameters optimization took 4 rounds (0.038 sec)
Wrote distance file to... 
Computing ML distances based on estimated model parameters...
Calculating distance matrix: done in 0.00116349 secs using 558.7% CPU
Computing ML distances took 0.001253 sec (of wall-clock time) 0.006594 sec (of CPU time)
Setting up auxiliary I and S matrices: done in 6.18671e-05 secs using 2929% CPU
Computing RapidNJ tree took 0.000340 sec (of wall-clock time) 0.001892 sec (of CPU time)
Log-likelihood of RapidNJ tree: -7181.510
--------------------------------------------------------------------
|             INITIALIZING CANDIDATE TREE SET                      |
--------------------------------------------------------------------
Generating 98 parsimony trees... 0.196 second
Computing log-likelihood of 98 initial trees ... 0.172 seconds
Current best score: -7177.477

Do NNI search on 20 best initial trees
Estimate model parameters (epsilon = 0.100)
BETTER TREE FOUND at iteration 1: -7177.275
UPDATE BEST LOG-LIKELIHOOD: -7177.272
UPDATE BEST LOG-LIKELIHOOD: -7177.272
Iteration 10 / LogL: -7177.272 / Time: 0h:0m:1s
UPDATE BEST LOG-LIKELIHOOD: -7177.272
UPDATE BEST LOG-LIKELIHOOD: -7177.272
Iteration 20 / LogL: -7177.272 / Time: 0h:0m:2s
Finish initializing candidate tree set (1)
Current best tree score: -7177.272 / CPU time: 0.839
Number of iterations: 20
--------------------------------------------------------------------
|               OPTIMIZING CANDIDATE TREE SET                      |
--------------------------------------------------------------------
Estimate model parameters (epsilon = 0.100)
BETTER TREE FOUND at iteration 22: -7166.195
UPDATE BEST LOG-LIKELIHOOD: -7166.194
Iteration 30 / LogL: -7166.198 / Time: 0h:0m:2s (0h:0m:4s left)
Iteration 40 / LogL: -7178.087 / Time: 0h:0m:3s (0h:0m:3s left)
UPDATE BEST LOG-LIKELIHOOD: -7166.194
Iteration 50 / LogL: -7166.201 / Time: 0h:0m:3s (0h:0m:3s left)
Log-likelihood cutoff on original alignment: -7194.453
Iteration 60 / LogL: -7166.195 / Time: 0h:0m:3s (0h:0m:2s left)
Iteration 70 / LogL: -7166.200 / Time: 0h:0m:4s (0h:0m:2s left)
Iteration 80 / LogL: -7166.197 / Time: 0h:0m:4s (0h:0m:1s left)
Iteration 90 / LogL: -7166.197 / Time: 0h:0m:5s (0h:0m:1s left)
Iteration 100 / LogL: -7166.203 / Time: 0h:0m:5s (0h:0m:0s left)
Log-likelihood cutoff on original alignment: -7195.195
NOTE: Bootstrap correlation coefficient of split occurrence frequencies: 0.992
Iteration 110 / LogL: -7166.361 / Time: 0h:0m:5s (0h:0m:3s left)
Iteration 120 / LogL: -7166.205 / Time: 0h:0m:6s (0h:0m:3s left)
TREE SEARCH COMPLETED AFTER 123 ITERATIONS / Time: 0h:0m:6s

--------------------------------------------------------------------
|                    FINALIZING TREE SEARCH                        |
--------------------------------------------------------------------
Performs final model parameters optimization
Estimate model parameters (epsilon = 0.010)
1. Initial log-likelihood: -7166.194
2. Current log-likelihood: -7166.184
Optimal log-likelihood: -7166.179
Rate parameters:  A-C: 2.31689  A-G: 10.48791  A-T: 1.00000  C-G: 2.31689  C-T: 14.92504  G-T: 1.00000
Base frequencies:  A: 0.295  C: 0.260  G: 0.228  T: 0.217
Site proportion and rates:  (0.926,0.384) (0.074,8.708)
Parameters optimization took 2 rounds (0.010 sec)
BEST SCORE FOUND : -7166.179

Testing tree branches by SH-like aLRT with 1000 replicates...
0.143 sec.
Creating bootstrap support values...
Split supports printed to NEXUS file /scratch/project_2004342/everything/paml_clean/FINAL_refseq_ftp_pipeline/12_species_tree_final/iqtree/PPARGC1A.splits.nex
Total tree length: 0.305

Total number of iterations: 123
CPU time used for tree search: 18.896 sec (0h:0m:18s)
Wall-clock time used for tree search: 5.104 sec (0h:0m:5s)
Total CPU time used: 25.075 sec (0h:0m:25s)
Total wall-clock time used: 6.729 sec (0h:0m:6s)

Computing bootstrap consensus tree...
Reading input file /scratch/project_2004342/everything/paml_clean/FINAL_refseq_ftp_pipeline/12_species_tree_final/iqtree/PPARGC1A.splits.nex...
30 taxa and 158 splits.
Consensus tree written to /scratch/project_2004342/everything/paml_clean/FINAL_refseq_ftp_pipeline/12_species_tree_final/iqtree/PPARGC1A.contree
Reading input trees file /scratch/project_2004342/everything/paml_clean/FINAL_refseq_ftp_pipeline/12_species_tree_final/iqtree/PPARGC1A.contree
Log-likelihood of consensus tree: -7166.186

Analysis results written to: 
  IQ-TREE report:                /scratch/project_2004342/everything/paml_clean/FINAL_refseq_ftp_pipeline/12_species_tree_final/iqtree/PPARGC1A.iqtree
  Maximum-likelihood tree:       /scratch/project_2004342/everything/paml_clean/FINAL_refseq_ftp_pipeline/12_species_tree_final/iqtree/PPARGC1A.treefile
  Likelihood distances:          /scratch/project_2004342/everything/paml_clean/FINAL_refseq_ftp_pipeline/12_species_tree_final/iqtree/PPARGC1A.mldist

Ultrafast bootstrap approximation results written to:
  Split support values:          /scratch/project_2004342/everything/paml_clean/FINAL_refseq_ftp_pipeline/12_species_tree_final/iqtree/PPARGC1A.splits.nex
  Consensus tree:                /scratch/project_2004342/everything/paml_clean/FINAL_refseq_ftp_pipeline/12_species_tree_final/iqtree/PPARGC1A.contree
  Screen log file:               /scratch/project_2004342/everything/paml_clean/FINAL_refseq_ftp_pipeline/12_species_tree_final/iqtree/PPARGC1A.log

Date and Time: Fri Jul 24 01:37:34 2026
